Archive member included to satisfy reference by file (symbol)

d:/rt-threadstudio/repo/extract/toolchain_support_packages/arm/gnu_tools_for_arm_embedded_processors/10.2.1/bin/../lib/gcc/arm-none-eabi/10.2.1/../../../../arm-none-eabi/lib/thumb/v8-m.main+fp/hard\libc.a(lib_a-exit.o)
                              d:/rt-threadstudio/repo/extract/toolchain_support_packages/arm/gnu_tools_for_arm_embedded_processors/10.2.1/bin/../lib/gcc/arm-none-eabi/10.2.1/../../../../arm-none-eabi/lib/thumb/v8-m.main+fp/hard/crt0.o (exit)
d:/rt-threadstudio/repo/extract/toolchain_support_packages/arm/gnu_tools_for_arm_embedded_processors/10.2.1/bin/../lib/gcc/arm-none-eabi/10.2.1/../../../../arm-none-eabi/lib/thumb/v8-m.main+fp/hard\libc.a(lib_a-impure.o)
                              d:/rt-threadstudio/repo/extract/toolchain_support_packages/arm/gnu_tools_for_arm_embedded_processors/10.2.1/bin/../lib/gcc/arm-none-eabi/10.2.1/../../../../arm-none-eabi/lib/thumb/v8-m.main+fp/hard\libc.a(lib_a-exit.o) (_global_impure_ptr)
d:/rt-threadstudio/repo/extract/toolchain_support_packages/arm/gnu_tools_for_arm_embedded_processors/10.2.1/bin/../lib/gcc/arm-none-eabi/10.2.1/../../../../arm-none-eabi/lib/thumb/v8-m.main+fp/hard\libc.a(lib_a-memcmp.o)
                              ./rt-thread/components/finsh/shell.o (memcmp)
d:/rt-threadstudio/repo/extract/toolchain_support_packages/arm/gnu_tools_for_arm_embedded_processors/10.2.1/bin/../lib/gcc/arm-none-eabi/10.2.1/../../../../arm-none-eabi/lib/thumb/v8-m.main+fp/hard\libc.a(lib_a-memcpy.o)
                              ./ra/fsp/src/r_sci_uart/r_sci_uart.o (memcpy)
d:/rt-threadstudio/repo/extract/toolchain_support_packages/arm/gnu_tools_for_arm_embedded_processors/10.2.1/bin/../lib/gcc/arm-none-eabi/10.2.1/../../../../arm-none-eabi/lib/thumb/v8-m.main+fp/hard\libc.a(lib_a-memset.o)
                              d:/rt-threadstudio/repo/extract/toolchain_support_packages/arm/gnu_tools_for_arm_embedded_processors/10.2.1/bin/../lib/gcc/arm-none-eabi/10.2.1/../../../../arm-none-eabi/lib/thumb/v8-m.main+fp/hard/crt0.o (memset)
d:/rt-threadstudio/repo/extract/toolchain_support_packages/arm/gnu_tools_for_arm_embedded_processors/10.2.1/bin/../lib/gcc/arm-none-eabi/10.2.1/../../../../arm-none-eabi/lib/thumb/v8-m.main+fp/hard\libc.a(lib_a-sprintf.o)
                              ./src/hal_entry.o (sprintf)
d:/rt-threadstudio/repo/extract/toolchain_support_packages/arm/gnu_tools_for_arm_embedded_processors/10.2.1/bin/../lib/gcc/arm-none-eabi/10.2.1/../../../../arm-none-eabi/lib/thumb/v8-m.main+fp/hard\libc.a(lib_a-strcpy.o)
                              ./rt-thread/components/finsh/shell.o (strcpy)
d:/rt-threadstudio/repo/extract/toolchain_support_packages/arm/gnu_tools_for_arm_embedded_processors/10.2.1/bin/../lib/gcc/arm-none-eabi/10.2.1/../../../../arm-none-eabi/lib/thumb/v8-m.main+fp/hard\libc.a(lib_a-strlen-stub.o)
                              ./rt-thread/components/finsh/msh.o (strlen)
d:/rt-threadstudio/repo/extract/toolchain_support_packages/arm/gnu_tools_for_arm_embedded_processors/10.2.1/bin/../lib/gcc/arm-none-eabi/10.2.1/../../../../arm-none-eabi/lib/thumb/v8-m.main+fp/hard\libc.a(lib_a-strncmp.o)
                              ./rt-thread/components/finsh/msh.o (strncmp)
d:/rt-threadstudio/repo/extract/toolchain_support_packages/arm/gnu_tools_for_arm_embedded_processors/10.2.1/bin/../lib/gcc/arm-none-eabi/10.2.1/../../../../arm-none-eabi/lib/thumb/v8-m.main+fp/hard\libc.a(lib_a-strncpy.o)
                              ./rt-thread/components/finsh/shell.o (strncpy)
d:/rt-threadstudio/repo/extract/toolchain_support_packages/arm/gnu_tools_for_arm_embedded_processors/10.2.1/bin/../lib/gcc/arm-none-eabi/10.2.1/../../../../arm-none-eabi/lib/thumb/v8-m.main+fp/hard\libc.a(lib_a-svfprintf.o)
                              d:/rt-threadstudio/repo/extract/toolchain_support_packages/arm/gnu_tools_for_arm_embedded_processors/10.2.1/bin/../lib/gcc/arm-none-eabi/10.2.1/../../../../arm-none-eabi/lib/thumb/v8-m.main+fp/hard\libc.a(lib_a-sprintf.o) (_svfprintf_r)
d:/rt-threadstudio/repo/extract/toolchain_support_packages/arm/gnu_tools_for_arm_embedded_processors/10.2.1/bin/../lib/gcc/arm-none-eabi/10.2.1/../../../../arm-none-eabi/lib/thumb/v8-m.main+fp/hard\libc.a(lib_a-__call_atexit.o)
                              d:/rt-threadstudio/repo/extract/toolchain_support_packages/arm/gnu_tools_for_arm_embedded_processors/10.2.1/bin/../lib/gcc/arm-none-eabi/10.2.1/../../../../arm-none-eabi/lib/thumb/v8-m.main+fp/hard\libc.a(lib_a-exit.o) (__call_exitprocs)
d:/rt-threadstudio/repo/extract/toolchain_support_packages/arm/gnu_tools_for_arm_embedded_processors/10.2.1/bin/../lib/gcc/arm-none-eabi/10.2.1/../../../../arm-none-eabi/lib/thumb/v8-m.main+fp/hard\libc.a(lib_a-atexit.o)
[...]
Memory Configuration

Name             Origin             Length             Attributes
FLASH            0x00000000         0x00100000         xr
RAM              0x20000000         0x00040000         xrw
DATA_FLASH       0x08000000         0x00002000         xr
QSPI_FLASH       0x60000000         0x04000000         xr
OSPI_DEVICE_0    0x68000000         0x08000000         xr
OSPI_DEVICE_1    0x70000000         0x10000000         xr
OSPI_DEVICE_0_RAM 0x68000000         0x08000000         xrw
OSPI_DEVICE_1_RAM 0x70000000         0x10000000         xrw
SDRAM            0x90000000         0x00000000         xrw
OPTION_SETTING   0x0100a100         0x00000100         r
OPTION_SETTING_S 0x0100a200         0x00000100         r
ID_CODE          0x00000000         0x00000000         xr
*default*        0x00000000         0xffffffff

Linker script and memory map

LOAD d:/rt-threadstudio/repo/extract/toolchain_support_packages/arm/gnu_tools_for_arm_embedded_processors/10.2.1/bin/../lib/gcc/arm-none-eabi/10.2.1/thumb/v8-m.main+fp/hard/crti.o
LOAD d:/rt-threadstudio/repo/extract/toolchain_support_packages/arm/gnu_tools_for_arm_embedded_processors/10.2.1/bin/../lib/gcc/arm-none-eabi/10.2.1/thumb/v8-m.main+fp/hard/crtbegin.o
LOAD d:/rt-threadstudio/repo/extract/toolchain_support_packages/arm/gnu_tools_for_arm_embedded_processors/10.2.1/bin/../lib/gcc/arm-none-eabi/10.2.1/../../../../arm-none-eabi/lib/thumb/v8-m.main+fp/hard/crt0.o
LOAD ./src/hal_entry.o
LOAD ./rt-thread/src/clock.o
LOAD ./rt-thread/src/components.o
LOAD ./rt-thread/src/device.o
LOAD ./rt-thread/src/idle.o
LOAD ./rt-thread/src/ipc.o
LOAD ./rt-thread/src/irq.o
LOAD ./rt-thread/src/kservice.o
LOAD ./rt-thread/src/mem.o
LOAD ./rt-thread/src/object.o
LOAD ./rt-thread/src/scheduler.o
LOAD ./rt-thread/src/thread.o
LOAD ./rt-thread/src/timer.o
LOAD ./rt-thread/libcpu/arm/cortex-m4/context_gcc.o
LOAD ./rt-thread/libcpu/arm/cortex-m4/cpuport.o
LOAD ./rt-thread/libcpu/arm/common/backtrace.o
LOAD ./rt-thread/libcpu/arm/common/div0.o
LOAD ./rt-thread/libcpu/arm/common/showmem.o
LOAD ./rt-thread/components/libc/compilers/newlib/syscalls.o
LOAD ./rt-thread/components/libc/compilers/common/stdlib.o
LOAD ./rt-thread/components/libc/compilers/common/time.o
LOAD ./rt-thread/components/finsh/cmd.o
LOAD ./rt-thread/components/finsh/msh.o
LOAD ./rt-thread/components/finsh/shell.o
LOAD ./rt-thread/components/drivers/serial/serial_v2.o
LOAD ./rt-thread/components/drivers/misc/pin.o
LOAD ./rt-thread/components/drivers/ipc/completion.o
LOAD ./rt-thread/components/drivers/ipc/dataqueue.o
LOAD ./rt-thread/components/drivers/ipc/pipe.o
LOAD ./rt-thread/components/drivers/ipc/ringblk_buf.o
LOAD ./rt-thread/components/drivers/ipc/ringbuffer.o
LOAD ./rt-thread/components/drivers/ipc/waitqueue.o
LOAD ./rt-thread/components/drivers/ipc/workqueue.o
LOAD ./ra_gen/common_data.o
LOAD ./ra_gen/hal_data.o
LOAD ./ra_gen/main.o
LOAD ./ra_gen/pin_data.o
LOAD ./ra_gen/vector_data.o
LOAD ./ra/fsp/src/r_sci_uart/r_sci_uart.o
LOAD ./ra/fsp/src/r_ioport/r_ioport.o
LOAD ./ra/fsp/src/r_icu/r_icu.o
LOAD ./ra/fsp/src/bsp/mcu/all/bsp_clocks.o
LOAD ./ra/fsp/src/bsp/mcu/all/bsp_common.o
LOAD ./ra/fsp/src/bsp/mcu/all/bsp_delay.o
LOAD ./ra/fsp/src/bsp/mcu/all/bsp_group_irq.o
LOAD ./ra/fsp/src/bsp/mcu/all/bsp_guard.o
LOAD ./ra/fsp/src/bsp/mcu/all/bsp_io.o
LOAD ./ra/fsp/src/bsp/mcu/all/bsp_irq.o
LOAD ./ra/fsp/src/bsp/mcu/all/bsp_register_protection.o
LOAD ./ra/fsp/src/bsp/mcu/all/bsp_rom_registers.o
LOAD ./ra/fsp/src/bsp/mcu/all/bsp_sbrk.o
LOAD ./ra/fsp/src/bsp/mcu/all/bsp_security.o
LOAD ./ra/fsp/src/bsp/cmsis/Device/RENESAS/Source/startup.o
LOAD ./ra/fsp/src/bsp/cmsis/Device/RENESAS/Source/system.o
LOAD ./libraries/HAL_Drivers/drv_common.o
LOAD ./libraries/HAL_Drivers/drv_gpio.o
LOAD ./libraries/HAL_Drivers/drv_usart_v2.o
LOAD ./board/ports/drv_rw007.o
LOAD d:/rt-threadstudio/repo/extract/toolchain_support_packages/arm/gnu_tools_for_arm_embedded_processors/10.2.1/bin/../lib/gcc/arm-none-eabi/10.2.1/../../../../arm-none-eabi/lib/thumb/v8-m.main+fp/hard\libm.a
LOAD d:/rt-threadstudio/repo/extract/toolchain_support_packages/arm/gnu_tools_for_arm_embedded_processors/10.2.1/bin/../lib/gcc/arm-none-eabi/10.2.1/../../../../arm-none-eabi/lib/thumb/v8-m.main+fp/hard\libc.a
START GROUP
LOAD d:/rt-threadstudio/repo/extract/toolchain_support_packages/arm/gnu_tools_for_arm_embedded_processors/10.2.1/bin/../lib/gcc/arm-none-eabi/10.2.1/thumb/v8-m.main+fp/hard\libgcc.a
LOAD d:/rt-threadstudio/repo/extract/toolchain_support_packages/arm/gnu_tools_for_arm_embedded_processors/10.2.1/bin/../lib/gcc/arm-none-eabi/10.2.1/../../../../arm-none-eabi/lib/thumb/v8-m.main+fp/hard\libc.a
END GROUP
LOAD d:/rt-threadstudio/repo/extract/toolchain_support_packages/arm/gnu_tools_for_arm_embedded_processors/10.2.1/bin/../lib/gcc/arm-none-eabi/10.2.1/thumb/v8-m.main+fp/hard/crtend.o
LOAD d:/rt-threadstudio/repo/extract/toolchain_support_packages/arm/gnu_tools_for_arm_embedded_processors/10.2.1/bin/../lib/gcc/arm-none-eabi/10.2.1/thumb/v8-m.main+fp/hard/crtn.o
                0x20000000                RAM_START = 0x20000000
                0x00040000                RAM_LENGTH = 0x40000
                0x00000000                FLASH_START = 0x0
                0x00100000                FLASH_LENGTH = 0x100000
                0x08000000                DATA_FLASH_START = 0x8000000
                0x00002000                DATA_FLASH_LENGTH = 0x2000
                0x0100a100                OPTION_SETTING_START = 0x100a100
                0x00000100                OPTION_SETTING_LENGTH = 0x100
                0x0100a200                OPTION_SETTING_S_START = 0x100a200
                0x00000100                OPTION_SETTING_S_LENGTH = 0x100
                0x00000000                ID_CODE_START = 0x0
                0x00000000                ID_CODE_LENGTH = 0x0
                0x90000000                SDRAM_START = 0x90000000
                0x00000000                SDRAM_LENGTH = 0x0
                0x60000000                QSPI_FLASH_START = 0x60000000
                0x04000000                QSPI_FLASH_LENGTH = 0x4000000
                0x68000000                OSPI_DEVICE_0_START = 0x68000000
                0x08000000                OSPI_DEVICE_0_LENGTH = 0x8000000
                0x70000000                OSPI_DEVICE_1_START = 0x70000000
                0x10000000                OSPI_DEVICE_1_LENGTH = 0x10000000
                0x04000000                QSPI_FLASH_PRV_LENGTH = DEFINED (QSPI_FLASH_SIZE)?ABSOLUTE (QSPI_FLASH_SIZE):ABSOLUTE (QSPI_FLASH_LENGTH)
                0x08000000                OSPI_DEVICE_0_PRV_LENGTH = DEFINED (OSPI_DEVICE_0_SIZE)?ABSOLUTE (OSPI_DEVICE_0_SIZE):ABSOLUTE (OSPI_DEVICE_0_LENGTH)
                0x10000000                OSPI_DEVICE_1_PRV_LENGTH = DEFINED (OSPI_DEVICE_1_SIZE)?ABSOLUTE (OSPI_DEVICE_1_SIZE):ABSOLUTE (OSPI_DEVICE_1_LENGTH)
                0x00000000                __RESERVE_NS_RAM = ((! (DEFINED (PROJECT_NONSECURE)) && DEFINED (RAM_NS_BUFFER_LENGTH)) && (OPTION_SETTING_S_LENGTH != 0x0))
                0x00000000                RAM_NS_BUFFER_BLOCK_LENGTH = DEFINED (RAM_NS_BUFFER_LENGTH)?ALIGN (RAM_NS_BUFFER_LENGTH, 0x2000):0x0
                0x00000000                RAM_NS_BUFFER_LENGTH = DEFINED (RAM_NS_BUFFER_LENGTH)?RAM_NS_BUFFER_LENGTH:0x0
                0x20040000                RAM_NS_BUFFER_START = ((RAM_START + RAM_LENGTH) - RAM_NS_BUFFER_LENGTH)
                0x20040000                RAM_NS_BUFFER_BLOCK_START = ((RAM_START + RAM_LENGTH) - RAM_NS_BUFFER_BLOCK_LENGTH)
                0x0100a180                OPTION_SETTING_START_NS = 0x100a180
                0x00000001                __bl_FSP_BOOTABLE_IMAGE = 0x1
                0x00000001                __bln_FSP_BOOTABLE_IMAGE = 0x1
                0x00000001                PROJECT_SECURE_OR_FLAT = ((! (DEFINED (PROJECT_NONSECURE)) && OPTION_SETTING_LENGTH) && ! (DEFINED (FSP_BOOTABLE_IMAGE)))
                0x00000000                USE_OPTION_SETTING_NS = (DEFINED (PROJECT_NONSECURE) && ! (DEFINED (FSP_BOOTABLE_IMAGE)))
                0x00000000                __bl_FLASH_IMAGE_START = ! (DEFINED (FLASH_BOOTLOADER_LENGTH))?0x0:(FLASH_APPLICATION_IMAGE_NUMBER == 0x1)?(FLASH_BOOTLOADER_LENGTH + FLASH_BOOTLOADER_HEADER_LENGTH):(((FLASH_BOOTLOADER_LENGTH + FLASH_BOOTLOADER_SCRATCH_LENGTH) + FLASH_APPLICATION_S_LENGTH) + FLASH_BOOTLOADER_HEADER_LENGTH)
                0x00000000                __bl_FLASH_IMAGE_LENGTH = ! (DEFINED (FLASH_BOOTLOADER_LENGTH))?0x0:(FLASH_APPLICATION_S_LENGTH - FLASH_BOOTLOADER_HEADER_LENGTH)
                0x00000000                __bl_FLASH_IMAGE_END = (__bl_FLASH_IMAGE_START + __bl_FLASH_IMAGE_LENGTH)
                0x00000000                __bl_FLASH_NS_START = ! (DEFINED (FLASH_BOOTLOADER_LENGTH))?0x0:(FLASH_APPLICATION_NS_LENGTH == 0x0)?__bl_FLASH_IMAGE_END:((__bl_FLASH_IMAGE_START - FLASH_BOOTLOADER_HEADER_LENGTH) + FLASH_APPLICATION_S_LENGTH)
                0x00000000                __bl_FLASH_NSC_START = ! (DEFINED (FLASH_BOOTLOADER_LENGTH))?0x0:(FLASH_APPLICATION_NS_LENGTH == 0x0)?__bl_FLASH_IMAGE_END:(__bl_FLASH_NS_START - FLASH_APPLICATION_NSC_LENGTH)
                0x00000000                __bl_RAM_NS_START = ! (DEFINED (FLASH_BOOTLOADER_LENGTH))?0x0:(FLASH_APPLICATION_NS_LENGTH == 0x0)?(RAM_START + RAM_LENGTH):((RAM_START + RAM_LENGTH) - RAM_APPLICATION_NS_LENGTH)
                0x00000000                __bl_RAM_NSC_START = ! (DEFINED (FLASH_BOOTLOADER_LENGTH))?0x0:(FLASH_APPLICATION_NS_LENGTH == 0x0)?(RAM_START + RAM_LENGTH):(__bl_RAM_NS_START - RAM_APPLICATION_NSC_LENGTH)
                0x00000000                __bl_FLASH_NS_IMAGE_START = ! (DEFINED (FLASH_BOOTLOADER_LENGTH))?0x0:(FLASH_APPLICATION_NS_LENGTH == 0x0)?__bl_FLASH_IMAGE_END:(__bl_FLASH_NS_START + FLASH_BOOTLOADER_HEADER_LENGTH_2)
                0x00000000                __bln_FLASH_IMAGE_START = __bl_FLASH_NS_IMAGE_START
                0x00000000                __bln_FLASH_IMAGE_LENGTH = ! (DEFINED (FLASH_BOOTLOADER_LENGTH))?0x0:(FLASH_APPLICATION_NS_LENGTH == 0x0)?__bl_FLASH_IMAGE_END:(FLASH_APPLICATION_NS_LENGTH - FLASH_BOOTLOADER_HEADER_LENGTH_2)
                0x00000000                FLASH_ORIGIN = DEFINED (FLASH_IMAGE_START)?FLASH_IMAGE_START:FLASH_START
                0x00100000                LIMITED_FLASH_LENGTH = DEFINED (FLASH_IMAGE_LENGTH)?FLASH_IMAGE_LENGTH:DEFINED (FLASH_BOOTLOADER_LENGTH)?FLASH_BOOTLOADER_LENGTH:FLASH_LENGTH
START GROUP
LOAD d:/rt-threadstudio/repo/extract/toolchain_support_packages/arm/gnu_tools_for_arm_embedded_processors/10.2.1/bin/../lib/gcc/arm-none-eabi/10.2.1/thumb/v8-m.main+fp/hard\libgcc.a
LOAD d:/rt-threadstudio/repo/extract/toolchain_support_packages/arm/gnu_tools_for_arm_embedded_processors/10.2.1/bin/../lib/gcc/arm-none-eabi/10.2.1/../../../../arm-none-eabi/lib/thumb/v8-m.main+fp/hard\libc.a
LOAD d:/rt-threadstudio/repo/extract/toolchain_support_packages/arm/gnu_tools_for_arm_embedded_processors/10.2.1/bin/../lib/gcc/arm-none-eabi/10.2.1/../../../../arm-none-eabi/lib/thumb/v8-m.main+fp/hard\libm.a
LOAD d:/rt-threadstudio/repo/extract/toolchain_support_packages/arm/gnu_tools_for_arm_embedded_processors/10.2.1/bin/../lib/gcc/arm-none-eabi/10.2.1/../../../../arm-none-eabi/lib/thumb/v8-m.main+fp/hard\libnosys.a
END GROUP

.text           0x00000000    0x12024
                0x00000000                __tz_FLASH_S = ABSOLUTE (FLASH_START)
                0x00000000                __ROM_Start = .
 *(.fixed_vectors*)
 .fixed_vectors
                0x00000000       0x40 ./ra/fsp/src/bsp/cmsis/Device/RENESAS/Source/startup.o
                0x00000000                __Vectors
 *(.application_vectors*)
 .application_vectors
                0x00000040      0x180 ./ra_gen/vector_data.o
                0x00000040                g_vector_table
                0x000001c0                __Vectors_End = .
                0x000001c0                . = (OPTION_SETTING_LENGTH > 0x0)?.:(__ROM_Start + 0x400)
 *(.rom_registers*)
                0x000001c0                . = (OPTION_SETTING_LENGTH > 0x0)?.:(__ROM_Start + 0x500)
                0x00000200                . = ALIGN (0x80)
 *fill*         0x000001c0       0x40 ff
 *(.mcuboot_sce9_key*)
 *(.text*)
 .text          0x00000200       0x40 d:/rt-threadstudio/repo/extract/toolchain_support_packages/arm/gnu_tools_for_arm_embedded_processors/10.2.1/bin/../lib/gcc/arm-none-eabi/10.2.1/thumb/v8-m.main+fp/hard/crtbegin.o
 .text.hal_entry
                0x00000240       0x18 ./src/hal_entry.o
                0x00000240                hal_entry
 .text.uart_input
                0x00000258       0x20 ./src/hal_entry.o
 .text.serial_thread_entry
                0x00000278       0x90 ./src/hal_entry.o
                0x00000278                serial_thread_entry
 .text.control_thread_entry
                0x00000308       0xa0 ./src/hal_entry.o
                0x00000308                control_thread_entry
 .text.uart_sample
                0x000003a8      0x13c ./src/hal_entry.o
 .text.rt_tick_get
                0x000004e4       0x18 ./rt-thread/src/clock.o
                0x000004e4                rt_tick_get
 .text.rt_tick_increase
                0x000004fc       0x7c ./rt-thread/src/clock.o
                0x000004fc                rt_tick_increase
 .text.rt_tick_from_millisecond
                0x00000578       0x78 ./rt-thread/src/clock.o
                0x00000578                rt_tick_from_millisecond
 .text.rti_start
                0x000005f0       0x10 ./rt-thread/src/components.o
 .text.rti_board_start
                0x00000600       0x10 ./rt-thread/src/components.o
 .text.rti_board_end
                0x00000610       0x10 ./rt-thread/src/components.o
 .text.rti_end  0x00000620       0x10 ./rt-thread/src/components.o
 .text.rt_components_board_init
                0x00000630       0x34 ./rt-thread/src/components.o
                0x00000630                rt_components_board_init
 .text.rt_components_init
                0x00000664       0x34 ./rt-thread/src/components.o
                0x00000664                rt_components_init
 .text.entry    0x00000698        0xe ./rt-thread/src/components.o
                0x00000698                entry
 .text.main_thread_entry
                0x000006a6       0x18 ./rt-thread/src/components.o
                0x000006a6                main_thread_entry
 *fill*         0x000006be        0x2 ff
 .text.rt_application_init
                0x000006c0       0x4c ./rt-thread/src/components.o
                0x000006c0                rt_application_init
 .text.rtthread_startup
                0x0000070c       0x2e ./rt-thread/src/components.o
                0x0000070c                rtthread_startup
 .text.rt_device_register
                0x0000073a       0x54 ./rt-thread/src/device.o
                0x0000073a                rt_device_register
 .text.rt_device_find
                0x0000078e       0x1a ./rt-thread/src/device.o
                0x0000078e                rt_device_find
 .text.rt_device_open
                0x000007a8      0x108 ./rt-thread/src/device.o
                0x000007a8                rt_device_open
 .text.rt_device_close
                0x000008b0       0x9c ./rt-thread/src/device.o
                0x000008b0                rt_device_close
 .text.rt_device_read
                0x0000094c       0x88 ./rt-thread/src/device.o
                0x0000094c                rt_device_read
 .text.rt_device_write
                0x000009d4       0x88 ./rt-thread/src/device.o
                0x000009d4                rt_device_write
 .text.rt_device_set_rx_indicate
                0x00000a5c       0x54 ./rt-thread/src/device.o
                0x00000a5c                rt_device_set_rx_indicate
 .text.rt_list_insert_after
                0x00000ab0       0x32 ./rt-thread/src/idle.o
 .text.rt_list_remove
                0x00000ae2       0x36 ./rt-thread/src/idle.o
 .text.rt_thread_defunct_enqueue
                0x00000b18       0x20 ./rt-thread/src/idle.o
                0x00000b18                rt_thread_defunct_enqueue
 .text.rt_thread_defunct_dequeue
                0x00000b38       0x44 ./rt-thread/src/idle.o
                0x00000b38                rt_thread_defunct_dequeue
 .text.rt_defunct_execute
                0x00000b7c       0x54 ./rt-thread/src/idle.o
 .text.rt_thread_idle_entry
                0x00000bd0       0x38 ./rt-thread/src/idle.o
 .text.rt_thread_idle_init
                0x00000c08       0x78 ./rt-thread/src/idle.o
                0x00000c08                rt_thread_idle_init
 .text.rt_list_init
                0x00000c80       0x22 ./rt-thread/src/ipc.o
 .text.rt_list_insert_before
                0x00000ca2       0x32 ./rt-thread/src/ipc.o
 .text.rt_list_isempty
                0x00000cd4       0x24 ./rt-thread/src/ipc.o
 .text._ipc_object_init
                0x00000cf8       0x1c ./rt-thread/src/ipc.o
 .text._ipc_list_suspend
                0x00000d14       0xa4 ./rt-thread/src/ipc.o
 .text._ipc_list_resume
                0x00000db8       0x20 ./rt-thread/src/ipc.o
 .text.rt_sem_init
                0x00000dd8       0x88 ./rt-thread/src/ipc.o
                0x00000dd8                rt_sem_init
 .text.rt_sem_take
                0x00000e60      0x190 ./rt-thread/src/ipc.o
                0x00000e60                rt_sem_take
 .text.rt_sem_release
                0x00000ff0       0xbc ./rt-thread/src/ipc.o
                0x00000ff0                rt_sem_release
 .text.rt_mutex_init
                0x000010ac       0x64 ./rt-thread/src/ipc.o
                0x000010ac                rt_mutex_init
 .text.rt_mutex_take
                0x00001110      0x21c ./rt-thread/src/ipc.o
                0x00001110                rt_mutex_take
 .text.rt_mutex_release
                0x0000132c      0x1bc ./rt-thread/src/ipc.o
                0x0000132c                rt_mutex_release
 .text.rt_interrupt_enter
                0x000014e8       0x40 ./rt-thread/src/irq.o
                0x000014e8                rt_interrupt_enter
 .text.rt_interrupt_leave
                0x00001528       0x40 ./rt-thread/src/irq.o
                0x00001528                rt_interrupt_leave
 .text.rt_interrupt_get_nest
                0x00001568       0x28 ./rt-thread/src/irq.o
                0x00001568                rt_interrupt_get_nest
 .text.rt_set_errno
                0x00001590       0x40 ./rt-thread/src/kservice.o
                0x00001590                rt_set_errno
 .text.rt_memset
                0x000015d0       0xb6 ./rt-thread/src/kservice.o
                0x000015d0                rt_memset
 .text.rt_memcpy
                0x00001686       0xd2 ./rt-thread/src/kservice.o
                0x00001686                rt_memcpy
 .text.rt_memmove
                0x00001758       0x82 ./rt-thread/src/kservice.o
                0x00001758                rt_memmove
 .text.rt_strncpy
                0x000017da       0x64 ./rt-thread/src/kservice.o
                0x000017da                rt_strncpy
 .text.rt_strncmp
                0x0000183e       0x4a ./rt-thread/src/kservice.o
                0x0000183e                rt_strncmp
 .text.rt_strlen
                0x00001888       0x2e ./rt-thread/src/kservice.o
                0x00001888                rt_strlen
 *fill*         0x000018b6        0x2 ff
 .text.rt_show_version
                0x000018b8       0x4c ./rt-thread/src/kservice.o
                0x000018b8                rt_show_version
 .text.divide   0x00001904       0x68 ./rt-thread/src/kservice.o
 .text.skip_atoi
                0x0000196c       0x40 ./rt-thread/src/kservice.o
 .text.print_number
                0x000019ac      0x1dc ./rt-thread/src/kservice.o
 .text.rt_vsnprintf
                0x00001b88      0x4ac ./rt-thread/src/kservice.o
                0x00001b88                rt_vsnprintf
 .text.rt_vsprintf
                0x00002034       0x24 ./rt-thread/src/kservice.o
                0x00002034                rt_vsprintf
 .text.rt_sprintf
                0x00002058       0x2c ./rt-thread/src/kservice.o
                0x00002058                rt_sprintf
 .text.rt_console_get_device
                0x00002084       0x18 ./rt-thread/src/kservice.o
                0x00002084                rt_console_get_device
 .text.rt_console_set_device
                0x0000209c       0x58 ./rt-thread/src/kservice.o
                0x0000209c                rt_console_set_device
 .text.rt_hw_console_output
                0x000020f4       0x14 ./rt-thread/src/kservice.o
                0x000020f4                rt_hw_console_output
 .text.rt_kprintf
                0x00002108       0x60 ./rt-thread/src/kservice.o
                0x00002108                rt_kprintf
 .text._heap_lock_init
                0x00002168       0x1c ./rt-thread/src/kservice.o
 .text._heap_lock
                0x00002184       0x28 ./rt-thread/src/kservice.o
 .text._heap_unlock
                0x000021ac       0x40 ./rt-thread/src/kservice.o
 .text._smem_info
                0x000021ec       0x4c ./rt-thread/src/kservice.o
 .text.rt_system_heap_init
                0x00002238       0x64 ./rt-thread/src/kservice.o
                0x00002238                rt_system_heap_init
 .text.rt_malloc
                0x0000229c       0x48 ./rt-thread/src/kservice.o
                0x0000229c                rt_malloc
 .text.rt_realloc
                0x000022e4       0x34 ./rt-thread/src/kservice.o
                0x000022e4                rt_realloc
 .text.rt_calloc
                0x00002318       0x3c ./rt-thread/src/kservice.o
                0x00002318                rt_calloc
 .text.rt_free  0x00002354       0x38 ./rt-thread/src/kservice.o
                0x00002354                rt_free
 .text.rt_memory_info
                0x0000238c       0x2a ./rt-thread/src/kservice.o
                0x0000238c                rt_memory_info
 *fill*         0x000023b6        0x2 ff
 .text.rt_assert_handler
                0x000023b8       0x4c ./rt-thread/src/kservice.o
                0x000023b8                rt_assert_handler
 .text.plug_holes
                0x00002404       0xf8 ./rt-thread/src/mem.o
 .text.rt_smem_init
                0x000024fc      0x104 ./rt-thread/src/mem.o
                0x000024fc                rt_smem_init
 .text.rt_smem_alloc
                0x00002600      0x268 ./rt-thread/src/mem.o
                0x00002600                rt_smem_alloc
 .text.rt_smem_realloc
                0x00002868      0x1d4 ./rt-thread/src/mem.o
                0x00002868                rt_smem_realloc
 .text.rt_smem_free
                0x00002a3c      0x140 ./rt-thread/src/mem.o
                0x00002a3c                rt_smem_free
 .text.rt_list_insert_after
                0x00002b7c       0x32 ./rt-thread/src/object.o
 .text.rt_list_remove
                0x00002bae       0x36 ./rt-thread/src/object.o
 .text.rt_object_get_information
                0x00002be4       0x48 ./rt-thread/src/object.o
                0x00002be4                rt_object_get_information
 .text.rt_object_init
                0x00002c2c       0xcc ./rt-thread/src/object.o
                0x00002c2c                rt_object_init
 .text.rt_object_detach
                0x00002cf8       0x5c ./rt-thread/src/object.o
                0x00002cf8                rt_object_detach
 .text.rt_object_allocate
                0x00002d54       0xd8 ./rt-thread/src/object.o
                0x00002d54                rt_object_allocate
 .text.rt_object_delete
                0x00002e2c       0x7c ./rt-thread/src/object.o
                0x00002e2c                rt_object_delete
 .text.rt_object_is_systemobject
                0x00002ea8       0x3c ./rt-thread/src/object.o
                0x00002ea8                rt_object_is_systemobject
 .text.rt_object_get_type
                0x00002ee4       0x34 ./rt-thread/src/object.o
                0x00002ee4                rt_object_get_type
 .text.rt_object_find
                0x00002f18       0xb4 ./rt-thread/src/object.o
                0x00002f18                rt_object_find
 .text.rt_list_init
                0x00002fcc       0x22 ./rt-thread/src/scheduler.o
 .text.rt_list_insert_before
                0x00002fee       0x32 ./rt-thread/src/scheduler.o
 .text.rt_list_remove
                0x00003020       0x36 ./rt-thread/src/scheduler.o
 .text.rt_list_isempty
                0x00003056       0x24 ./rt-thread/src/scheduler.o
 *fill*         0x0000307a        0x2 ff
 .text._rt_scheduler_stack_check
                0x0000307c       0x94 ./rt-thread/src/scheduler.o
 .text._scheduler_get_highest_priority_thread
                0x00003110       0x38 ./rt-thread/src/scheduler.o
 .text.rt_system_scheduler_init
                0x00003148       0x38 ./rt-thread/src/scheduler.o
                0x00003148                rt_system_scheduler_init
 .text.rt_system_scheduler_start
                0x00003180       0x38 ./rt-thread/src/scheduler.o
                0x00003180                rt_system_scheduler_start
 .text.rt_schedule
                0x000031b8      0x19c ./rt-thread/src/scheduler.o
                0x000031b8                rt_schedule
 .text.rt_schedule_insert_thread
                0x00003354       0xac ./rt-thread/src/scheduler.o
                0x00003354                rt_schedule_insert_thread
 .text.rt_schedule_remove_thread
                0x00003400       0x70 ./rt-thread/src/scheduler.o
                0x00003400                rt_schedule_remove_thread
 .text.rt_enter_critical
                0x00003470       0x2c ./rt-thread/src/scheduler.o
                0x00003470                rt_enter_critical
 .text.rt_exit_critical
                0x0000349c       0x54 ./rt-thread/src/scheduler.o
                0x0000349c                rt_exit_critical
 .text.rt_critical_level
                0x000034f0       0x1c ./rt-thread/src/scheduler.o
                0x000034f0                rt_critical_level
 .text.rt_list_init
                0x0000350c       0x22 ./rt-thread/src/thread.o
 .text.rt_list_remove
                0x0000352e       0x36 ./rt-thread/src/thread.o
 .text._thread_exit
                0x00003564       0x42 ./rt-thread/src/thread.o
 *fill*         0x000035a6        0x2 ff
 .text._thread_timeout
                0x000035a8       0x8c ./rt-thread/src/thread.o
 .text._thread_init
                0x00003634       0xfc ./rt-thread/src/thread.o
 .text.rt_thread_init
                0x00003730       0x70 ./rt-thread/src/thread.o
                0x00003730                rt_thread_init
 .text.rt_thread_self
                0x000037a0       0x18 ./rt-thread/src/thread.o
                0x000037a0                rt_thread_self
 .text.rt_thread_startup
                0x000037b8       0x94 ./rt-thread/src/thread.o
                0x000037b8                rt_thread_startup
 .text.rt_thread_detach
                0x0000384c       0xb0 ./rt-thread/src/thread.o
                0x0000384c                rt_thread_detach
 .text.rt_thread_create
                0x000038fc       0x62 ./rt-thread/src/thread.o
                0x000038fc                rt_thread_create
 *fill*         0x0000395e        0x2 ff
 .text.rt_thread_delete
                0x00003960       0xb0 ./rt-thread/src/thread.o
                0x00003960                rt_thread_delete
 .text.rt_thread_sleep
                0x00003a10       0x94 ./rt-thread/src/thread.o
                0x00003a10                rt_thread_sleep
 .text.rt_thread_delay
                0x00003aa4       0x18 ./rt-thread/src/thread.o
                0x00003aa4                rt_thread_delay
 .text.rt_thread_mdelay
                0x00003abc       0x20 ./rt-thread/src/thread.o
                0x00003abc                rt_thread_mdelay
 .text.rt_thread_control
                0x00003adc       0xfc ./rt-thread/src/thread.o
                0x00003adc                rt_thread_control
 .text.rt_thread_suspend
                0x00003bd8       0xc8 ./rt-thread/src/thread.o
                0x00003bd8                rt_thread_suspend
 .text.rt_thread_resume
                0x00003ca0       0x98 ./rt-thread/src/thread.o
                0x00003ca0                rt_thread_resume
 .text.rt_list_init
                0x00003d38       0x22 ./rt-thread/src/timer.o
 .text.rt_list_insert_after
                0x00003d5a       0x32 ./rt-thread/src/timer.o
 .text.rt_list_remove
                0x00003d8c       0x36 ./rt-thread/src/timer.o
 .text.rt_list_isempty
                0x00003dc2       0x24 ./rt-thread/src/timer.o
 .text._timer_init
                0x00003de6       0x6a ./rt-thread/src/timer.o
 .text._timer_list_next_timeout
                0x00003e50       0x48 ./rt-thread/src/timer.o
 .text._timer_remove
                0x00003e98       0x36 ./rt-thread/src/timer.o
 *fill*         0x00003ece        0x2 ff
 .text.rt_timer_init
                0x00003ed0       0x7c ./rt-thread/src/timer.o
                0x00003ed0                rt_timer_init
 .text.rt_timer_detach
                0x00003f4c       0x90 ./rt-thread/src/timer.o
                0x00003f4c                rt_timer_detach
 .text.rt_timer_start
                0x00003fdc      0x224 ./rt-thread/src/timer.o
                0x00003fdc                rt_timer_start
 .text.rt_timer_stop
                0x00004200       0x94 ./rt-thread/src/timer.o
                0x00004200                rt_timer_stop
 .text.rt_timer_control
                0x00004294       0xf8 ./rt-thread/src/timer.o
                0x00004294                rt_timer_control
 .text.rt_timer_check
                0x0000438c      0x108 ./rt-thread/src/timer.o
                0x0000438c                rt_timer_check
 .text.rt_soft_timer_check
                0x00004494      0x11c ./rt-thread/src/timer.o
                0x00004494                rt_soft_timer_check
 .text._timer_thread_entry
                0x000045b0       0x5c ./rt-thread/src/timer.o
 .text.rt_system_timer_init
                0x0000460c       0x34 ./rt-thread/src/timer.o
                0x0000460c                rt_system_timer_init
 .text.rt_system_timer_thread_init
                0x00004640       0x68 ./rt-thread/src/timer.o
                0x00004640                rt_system_timer_thread_init
 .text          0x000046a8      0x13c ./rt-thread/libcpu/arm/cortex-m4/context_gcc.o
                0x000046a8                rt_hw_interrupt_disable
                0x000046b0                rt_hw_interrupt_enable
                0x000046b6                rt_hw_context_switch_interrupt
                0x000046b6                rt_hw_context_switch
                0x000046d6                PendSV_Handler
                0x00004742                rt_hw_context_switch_to
                0x00004788                rt_hw_interrupt_thread_switch
                0x0000478c                HardFault_Handler
 .text.rt_hw_stack_init
                0x000047e4       0x90 ./rt-thread/libcpu/arm/cortex-m4/cpuport.o
                0x000047e4                rt_hw_stack_init
 .text.usage_fault_track
                0x00004874       0xc4 ./rt-thread/libcpu/arm/cortex-m4/cpuport.o
 .text.bus_fault_track
                0x00004938       0xcc ./rt-thread/libcpu/arm/cortex-m4/cpuport.o
 .text.mem_manage_fault_track
                0x00004a04       0xb4 ./rt-thread/libcpu/arm/cortex-m4/cpuport.o
 .text.hard_fault_track
                0x00004ab8       0x78 ./rt-thread/libcpu/arm/cortex-m4/cpuport.o
 .text.rt_hw_hard_fault_exception
                0x00004b30      0x184 ./rt-thread/libcpu/arm/cortex-m4/cpuport.o
                0x00004b30                rt_hw_hard_fault_exception
 .text.__rt_ffs
                0x00004cb4       0x2a ./rt-thread/libcpu/arm/cortex-m4/cpuport.o
                0x00004cb4                __rt_ffs
 .text._malloc_r
                0x00004cde       0x28 ./rt-thread/components/libc/compilers/newlib/syscalls.o
                0x00004cde                _malloc_r
 .text._realloc_r
                0x00004d06       0x2c ./rt-thread/components/libc/compilers/newlib/syscalls.o
                0x00004d06                _realloc_r
 .text._calloc_r
                0x00004d32       0x2c ./rt-thread/components/libc/compilers/newlib/syscalls.o
                0x00004d32                _calloc_r
 .text._free_r  0x00004d5e       0x18 ./rt-thread/components/libc/compilers/newlib/syscalls.o
                0x00004d5e                _free_r
 .text.rt_list_isempty
                0x00004d76       0x24 ./rt-thread/components/finsh/cmd.o
 .text.rt_list_len
                0x00004d9a       0x36 ./rt-thread/components/finsh/cmd.o
 .text.clear    0x00004dd0       0x14 ./rt-thread/components/finsh/cmd.o
 .text.version  0x00004de4        0xe ./rt-thread/components/finsh/cmd.o
                0x00004de4                version
 *fill*         0x00004df2        0x2 ff
 .text.object_split
                0x00004df4       0x28 ./rt-thread/components/finsh/cmd.o
 .text.list_find_init
                0x00004e1c       0x46 ./rt-thread/components/finsh/cmd.o
 .text.list_get_next
                0x00004e62       0xc6 ./rt-thread/components/finsh/cmd.o
 .text.list_thread
                0x00004f28      0x208 ./rt-thread/components/finsh/cmd.o
                0x00004f28                list_thread
 .text.show_wait_queue
                0x00005130       0x54 ./rt-thread/components/finsh/cmd.o
 .text.list_sem
                0x00005184      0x12c ./rt-thread/components/finsh/cmd.o
                0x00005184                list_sem
 .text.list_event
                0x000052b0      0x118 ./rt-thread/components/finsh/cmd.o
                0x000052b0                list_event
 .text.list_mutex
                0x000053c8       0xe8 ./rt-thread/components/finsh/cmd.o
                0x000053c8                list_mutex
 .text.list_mailbox
                0x000054b0      0x13c ./rt-thread/components/finsh/cmd.o
                0x000054b0                list_mailbox
 .text.list_msgqueue
                0x000055ec      0x12c ./rt-thread/components/finsh/cmd.o
                0x000055ec                list_msgqueue
 .text.list_timer
                0x00005718      0x128 ./rt-thread/components/finsh/cmd.o
                0x00005718                list_timer
 .text.list_device
                0x00005840       0xf0 ./rt-thread/components/finsh/cmd.o
                0x00005840                list_device
 .text.msh_help
                0x00005930       0x5c ./rt-thread/components/finsh/msh.o
                0x00005930                msh_help
 .text.cmd_ps   0x0000598c       0x18 ./rt-thread/components/finsh/msh.o
                0x0000598c                cmd_ps
 .text.cmd_free
                0x000059a4       0x5c ./rt-thread/components/finsh/msh.o
                0x000059a4                cmd_free
 .text.msh_split
                0x00005a00      0x170 ./rt-thread/components/finsh/msh.o
 .text.msh_get_cmd
                0x00005b70       0x64 ./rt-thread/components/finsh/msh.o
 .text._msh_exec_cmd
                0x00005bd4       0xd4 ./rt-thread/components/finsh/msh.o
 .text.msh_exec
                0x00005ca8       0x8c ./rt-thread/components/finsh/msh.o
                0x00005ca8                msh_exec
 .text.str_common
                0x00005d34       0x4a ./rt-thread/components/finsh/msh.o
 *fill*         0x00005d7e        0x2 ff
 .text.msh_auto_complete
                0x00005d80       0xb0 ./rt-thread/components/finsh/msh.o
                0x00005d80                msh_auto_complete
 .text.finsh_get_prompt
                0x00005e30       0x7c ./rt-thread/components/finsh/shell.o
                0x00005e30                finsh_get_prompt
 .text.finsh_set_prompt_mode
                0x00005eac       0x48 ./rt-thread/components/finsh/shell.o
                0x00005eac                finsh_set_prompt_mode
 .text.finsh_getchar
                0x00005ef4       0x90 ./rt-thread/components/finsh/shell.o
                0x00005ef4                finsh_getchar
 .text.finsh_rx_ind
                0x00005f84       0x3c ./rt-thread/components/finsh/shell.o
 .text.finsh_set_device
                0x00005fc0       0xd8 ./rt-thread/components/finsh/shell.o
                0x00005fc0                finsh_set_device
 .text.shell_auto_complete
                0x00006098       0x34 ./rt-thread/components/finsh/shell.o
 .text.shell_handle_history
                0x000060cc       0x34 ./rt-thread/components/finsh/shell.o
 .text.shell_push_history
                0x00006100      0x15e ./rt-thread/components/finsh/shell.o
 *fill*         0x0000625e        0x2 ff
 .text.finsh_thread_entry
                0x00006260      0x5cc ./rt-thread/components/finsh/shell.o
                0x00006260                finsh_thread_entry
 .text.finsh_system_function_init
                0x0000682c       0x2c ./rt-thread/components/finsh/shell.o
                0x0000682c                finsh_system_function_init
 .text.finsh_system_init
                0x00006858       0x9c ./rt-thread/components/finsh/shell.o
                0x00006858                finsh_system_init
 .text.rt_serial_get_linear_buffer
                0x000068f4       0x8c ./rt-thread/components/drivers/serial/serial_v2.o
 .text.rt_serial_update_read_index
                0x00006980       0xcc ./rt-thread/components/drivers/serial/serial_v2.o
 .text.rt_serial_update_write_index
                0x00006a4c       0xe8 ./rt-thread/components/drivers/serial/serial_v2.o
 .text._serial_poll_rx
                0x00006b34       0xa4 ./rt-thread/components/drivers/serial/serial_v2.o
                0x00006b34                _serial_poll_rx
 .text._serial_poll_tx
                0x00006bd8       0x9c ./rt-thread/components/drivers/serial/serial_v2.o
                0x00006bd8                _serial_poll_tx
 .text._serial_fifo_rx
                0x00006c74       0xf4 ./rt-thread/components/drivers/serial/serial_v2.o
 .text._serial_fifo_tx_blocking_nbuf
                0x00006d68       0xb0 ./rt-thread/components/drivers/serial/serial_v2.o
 .text._serial_fifo_tx_blocking_buf
                0x00006e18      0x118 ./rt-thread/components/drivers/serial/serial_v2.o
 .text._serial_fifo_tx_nonblocking
                0x00006f30       0xd4 ./rt-thread/components/drivers/serial/serial_v2.o
 .text.rt_serial_tx_enable
                0x00007004      0x1e8 ./rt-thread/components/drivers/serial/serial_v2.o
 .text.rt_serial_rx_enable
                0x000071ec      0x15c ./rt-thread/components/drivers/serial/serial_v2.o
 .text.rt_serial_rx_disable
                0x00007348       0xb4 ./rt-thread/components/drivers/serial/serial_v2.o
 .text.rt_serial_tx_disable
                0x000073fc       0xc0 ./rt-thread/components/drivers/serial/serial_v2.o
 .text.rt_serial_init
                0x000074bc       0x5c ./rt-thread/components/drivers/serial/serial_v2.o
 .text.rt_serial_open
                0x00007518       0xf4 ./rt-thread/components/drivers/serial/serial_v2.o
 .text.rt_serial_close
                0x0000760c       0x90 ./rt-thread/components/drivers/serial/serial_v2.o
 .text.rt_serial_control
                0x0000769c       0xb8 ./rt-thread/components/drivers/serial/serial_v2.o
 .text.rt_hw_serial_register
                0x00007754       0x94 ./rt-thread/components/drivers/serial/serial_v2.o
                0x00007754                rt_hw_serial_register
 .text.rt_hw_serial_isr
                0x000077e8      0x210 ./rt-thread/components/drivers/serial/serial_v2.o
                0x000077e8                rt_hw_serial_isr
 .text._pin_read
                0x000079f8       0x60 ./rt-thread/components/drivers/misc/pin.o
 .text._pin_write
                0x00007a58       0x5c ./rt-thread/components/drivers/misc/pin.o
 .text._pin_control
                0x00007ab4       0x58 ./rt-thread/components/drivers/misc/pin.o
 .text.rt_device_pin_register
                0x00007b0c       0x74 ./rt-thread/components/drivers/misc/pin.o
                0x00007b0c                rt_device_pin_register
 .text.rt_pin_write
                0x00007b80       0x40 ./rt-thread/components/drivers/misc/pin.o
                0x00007b80                rt_pin_write
 .text.rt_pin_read
                0x00007bc0       0x3c ./rt-thread/components/drivers/misc/pin.o
                0x00007bc0                rt_pin_read
 .text.rt_list_init
                0x00007bfc       0x22 ./rt-thread/components/drivers/ipc/completion.o
 .text.rt_list_insert_before
                0x00007c1e       0x32 ./rt-thread/components/drivers/ipc/completion.o
 .text.rt_list_isempty
                0x00007c50       0x24 ./rt-thread/components/drivers/ipc/completion.o
 .text.rt_completion_init
                0x00007c74       0x44 ./rt-thread/components/drivers/ipc/completion.o
                0x00007c74                rt_completion_init
 .text.rt_completion_wait
                0x00007cb8      0x15c ./rt-thread/components/drivers/ipc/completion.o
                0x00007cb8                rt_completion_wait
 .text.rt_completion_done
                0x00007e14       0x70 ./rt-thread/components/drivers/ipc/completion.o
                0x00007e14                rt_completion_done
 .text.rt_ringbuffer_status
                0x00007e84       0x4e ./rt-thread/components/drivers/ipc/ringbuffer.o
 *fill*         0x00007ed2        0x2 ff
 .text.rt_ringbuffer_init
                0x00007ed4       0xa0 ./rt-thread/components/drivers/ipc/ringbuffer.o
                0x00007ed4                rt_ringbuffer_init
 .text.rt_ringbuffer_put
                0x00007f74      0x16c ./rt-thread/components/drivers/ipc/ringbuffer.o
                0x00007f74                rt_ringbuffer_put
 .text.rt_ringbuffer_get
                0x000080e0      0x15c ./rt-thread/components/drivers/ipc/ringbuffer.o
                0x000080e0                rt_ringbuffer_get
 .text.rt_ringbuffer_putchar
                0x0000823c       0xbc ./rt-thread/components/drivers/ipc/ringbuffer.o
                0x0000823c                rt_ringbuffer_putchar
 .text.rt_ringbuffer_data_len
                0x000082f8       0x66 ./rt-thread/components/drivers/ipc/ringbuffer.o
                0x000082f8                rt_ringbuffer_data_len
 .text.main     0x0000835e        0xe ./ra_gen/main.o
                0x0000835e                main
 .text.R_FSP_CurrentIrqGet
                0x0000836c       0x2c ./ra/fsp/src/r_sci_uart/r_sci_uart.o
 .text.R_FSP_IsrContextSet
                0x00008398       0x28 ./ra/fsp/src/r_sci_uart/r_sci_uart.o
 .text.R_BSP_IrqStatusClear
                0x000083c0       0x30 ./ra/fsp/src/r_sci_uart/r_sci_uart.o
 .text.R_BSP_IrqClearPending
                0x000083f0       0x40 ./ra/fsp/src/r_sci_uart/r_sci_uart.o
 .text.R_BSP_IrqCfg
                0x00008430       0x3c ./ra/fsp/src/r_sci_uart/r_sci_uart.o
 .text.R_BSP_IrqEnableNoClear
                0x0000846c       0x38 ./ra/fsp/src/r_sci_uart/r_sci_uart.o
 .text.R_BSP_IrqEnable
                0x000084a4       0x26 ./ra/fsp/src/r_sci_uart/r_sci_uart.o
 *fill*         0x000084ca        0x2 ff
 .text.R_BSP_IrqDisable
                0x000084cc       0x48 ./ra/fsp/src/r_sci_uart/r_sci_uart.o
 .text.R_FSP_IsrContextGet
                0x00008514       0x24 ./ra/fsp/src/r_sci_uart/r_sci_uart.o
 .text.R_SCI_UART_Open
                0x00008538      0x1ac ./ra/fsp/src/r_sci_uart/r_sci_uart.o
                0x00008538                R_SCI_UART_Open
 .text.r_sci_uart_config_set
                0x000086e4      0x120 ./ra/fsp/src/r_sci_uart/r_sci_uart.o
 .text.r_sci_irq_cfg
                0x00008804       0x3a ./ra/fsp/src/r_sci_uart/r_sci_uart.o
 .text.r_sci_irqs_cfg
                0x0000883e       0x5a ./ra/fsp/src/r_sci_uart/r_sci_uart.o
 .text.r_sci_uart_baud_set
                0x00008898       0x58 ./ra/fsp/src/r_sci_uart/r_sci_uart.o
 .text.r_sci_uart_call_callback
                0x000088f0       0x76 ./ra/fsp/src/r_sci_uart/r_sci_uart.o
 .text.sci_uart_txi_isr
                0x00008966       0xd0 ./ra/fsp/src/r_sci_uart/r_sci_uart.o
                0x00008966                sci_uart_txi_isr
 .text.sci_uart_rxi_isr
                0x00008a36       0xbc ./ra/fsp/src/r_sci_uart/r_sci_uart.o
                0x00008a36                sci_uart_rxi_isr
 .text.sci_uart_tei_isr
                0x00008af2       0x4a ./ra/fsp/src/r_sci_uart/r_sci_uart.o
                0x00008af2                sci_uart_tei_isr
 .text.sci_uart_eri_isr
                0x00008b3c       0xa8 ./ra/fsp/src/r_sci_uart/r_sci_uart.o
                0x00008b3c                sci_uart_eri_isr
 .text.R_BSP_PinRead
                0x00008be4       0x38 ./ra/fsp/src/r_ioport/r_ioport.o
 .text.R_BSP_PinAccessEnable
                0x00008c1c       0x60 ./ra/fsp/src/r_ioport/r_ioport.o
 .text.R_BSP_PinAccessDisable
                0x00008c7c       0x68 ./ra/fsp/src/r_ioport/r_ioport.o
 .text.R_IOPORT_Open
                0x00008ce4       0x28 ./ra/fsp/src/r_ioport/r_ioport.o
                0x00008ce4                R_IOPORT_Open
 .text.R_IOPORT_Close
                0x00008d0c       0x20 ./ra/fsp/src/r_ioport/r_ioport.o
                0x00008d0c                R_IOPORT_Close
 .text.R_IOPORT_PinsCfg
                0x00008d2c       0x1a ./ra/fsp/src/r_ioport/r_ioport.o
                0x00008d2c                R_IOPORT_PinsCfg
 .text.R_IOPORT_PinCfg
                0x00008d46       0x46 ./ra/fsp/src/r_ioport/r_ioport.o
                0x00008d46                R_IOPORT_PinCfg
 .text.R_IOPORT_PinRead
                0x00008d8c       0x28 ./ra/fsp/src/r_ioport/r_ioport.o
                0x00008d8c                R_IOPORT_PinRead
 .text.R_IOPORT_PortRead
                0x00008db4       0x3a ./ra/fsp/src/r_ioport/r_ioport.o
                0x00008db4                R_IOPORT_PortRead
 .text.R_IOPORT_PortWrite
                0x00008dee       0x62 ./ra/fsp/src/r_ioport/r_ioport.o
                0x00008dee                R_IOPORT_PortWrite
 .text.R_IOPORT_PinWrite
                0x00008e50       0x6e ./ra/fsp/src/r_ioport/r_ioport.o
                0x00008e50                R_IOPORT_PinWrite
 .text.R_IOPORT_PortDirectionSet
                0x00008ebe       0x72 ./ra/fsp/src/r_ioport/r_ioport.o
                0x00008ebe                R_IOPORT_PortDirectionSet
 .text.R_IOPORT_PortEventInputRead
                0x00008f30       0x3e ./ra/fsp/src/r_ioport/r_ioport.o
                0x00008f30                R_IOPORT_PortEventInputRead
 .text.R_IOPORT_PinEventInputRead
                0x00008f6e       0x62 ./ra/fsp/src/r_ioport/r_ioport.o
                0x00008f6e                R_IOPORT_PinEventInputRead
 .text.R_IOPORT_PortEventOutputWrite
                0x00008fd0       0x62 ./ra/fsp/src/r_ioport/r_ioport.o
                0x00008fd0                R_IOPORT_PortEventOutputWrite
 .text.R_IOPORT_PinEventOutputWrite
                0x00009032       0x5e ./ra/fsp/src/r_ioport/r_ioport.o
                0x00009032                R_IOPORT_PinEventOutputWrite
 .text.R_IOPORT_EthernetModeCfg
                0x00009090       0x28 ./ra/fsp/src/r_ioport/r_ioport.o
                0x00009090                R_IOPORT_EthernetModeCfg
 .text.r_ioport_pins_config
                0x000090b8       0x56 ./ra/fsp/src/r_ioport/r_ioport.o
 .text.r_ioport_hw_pin_event_output_data_write
                0x0000910e       0x88 ./ra/fsp/src/r_ioport/r_ioport.o
 *fill*         0x00009196        0x2 ff
 .text.r_ioport_pfs_write
                0x00009198       0x78 ./ra/fsp/src/r_ioport/r_ioport.o
 .text.bsp_vbatt_init
                0x00009210       0xd8 ./ra/fsp/src/r_ioport/r_ioport.o
 .text.R_FSP_CurrentIrqGet
                0x000092e8       0x2c ./ra/fsp/src/r_icu/r_icu.o
 .text.R_FSP_IsrContextSet
                0x00009314       0x28 ./ra/fsp/src/r_icu/r_icu.o
 .text.R_BSP_IrqStatusClear
                0x0000933c       0x30 ./ra/fsp/src/r_icu/r_icu.o
 .text.R_BSP_IrqClearPending
                0x0000936c       0x40 ./ra/fsp/src/r_icu/r_icu.o
 .text.R_BSP_IrqCfg
                0x000093ac       0x3c ./ra/fsp/src/r_icu/r_icu.o
 .text.R_BSP_IrqEnableNoClear
                0x000093e8       0x38 ./ra/fsp/src/r_icu/r_icu.o
 .text.R_BSP_IrqEnable
                0x00009420       0x26 ./ra/fsp/src/r_icu/r_icu.o
 *fill*         0x00009446        0x2 ff
 .text.R_BSP_IrqDisable
                0x00009448       0x48 ./ra/fsp/src/r_icu/r_icu.o
 .text.R_FSP_IsrContextGet
                0x00009490       0x24 ./ra/fsp/src/r_icu/r_icu.o
 .text.R_ICU_ExternalIrqOpen
                0x000094b4       0xcc ./ra/fsp/src/r_icu/r_icu.o
                0x000094b4                R_ICU_ExternalIrqOpen
 .text.R_ICU_ExternalIrqEnable
                0x00009580       0x22 ./ra/fsp/src/r_icu/r_icu.o
                0x00009580                R_ICU_ExternalIrqEnable
 .text.R_ICU_ExternalIrqDisable
                0x000095a2       0x22 ./ra/fsp/src/r_icu/r_icu.o
                0x000095a2                R_ICU_ExternalIrqDisable
 .text.R_ICU_ExternalIrqClose
                0x000095c4       0x40 ./ra/fsp/src/r_icu/r_icu.o
                0x000095c4                R_ICU_ExternalIrqClose
 .text.r_icu_isr
                0x00009604       0x80 ./ra/fsp/src/r_icu/r_icu.o
                0x00009604                r_icu_isr
 .text.R_BSP_FlashCacheEnable
                0x00009684       0x40 ./ra/fsp/src/bsp/mcu/all/bsp_clocks.o
 .text.SystemCoreClockUpdate
                0x000096c4       0x40 ./ra/fsp/src/bsp/mcu/all/bsp_clocks.o
                0x000096c4                SystemCoreClockUpdate
 .text.bsp_prv_clock_set_hard_reset
                0x00009704       0x30 ./ra/fsp/src/bsp/mcu/all/bsp_clocks.o
 .text.bsp_clock_freq_var_init
                0x00009734       0x48 ./ra/fsp/src/bsp/mcu/all/bsp_clocks.o
 .text.bsp_clock_init
                0x0000977c       0xa4 ./ra/fsp/src/bsp/mcu/all/bsp_clocks.o
                0x0000977c                bsp_clock_init
 .text.bsp_init_internal
                0x00009820       0x14 ./ra/fsp/src/bsp/mcu/all/bsp_common.o
                0x00009820                bsp_init_internal
                0x00009820                bsp_init
 .text.__assert_func
                0x00009834       0x12 ./ra/fsp/src/bsp/mcu/all/bsp_common.o
                0x00009834                __assert_func
 *fill*         0x00009846        0x2 ff
 .text.bsp_group_irq_call
                0x00009848       0x30 ./ra/fsp/src/bsp/mcu/all/bsp_group_irq.o
 .text.NMI_Handler
                0x00009878       0x4c ./ra/fsp/src/bsp/mcu/all/bsp_group_irq.o
                0x00009878                NMI_Handler
 .text.bsp_irq_cfg
                0x000098c4      0x104 ./ra/fsp/src/bsp/mcu/all/bsp_irq.o
                0x000098c4                bsp_irq_cfg
 .text.R_BSP_RegisterProtectEnable
                0x000099c8       0xa0 ./ra/fsp/src/bsp/mcu/all/bsp_register_protection.o
                0x000099c8                R_BSP_RegisterProtectEnable
 .text.R_BSP_RegisterProtectDisable
                0x00009a68       0x90 ./ra/fsp/src/bsp/mcu/all/bsp_register_protection.o
                0x00009a68                R_BSP_RegisterProtectDisable
 .text.Reset_Handler
                0x00009af8        0xe ./ra/fsp/src/bsp/cmsis/Device/RENESAS/Source/startup.o
                0x00009af8                Reset_Handler
 .text.Default_Handler
                0x00009b06       0x10 ./ra/fsp/src/bsp/cmsis/Device/RENESAS/Source/startup.o
                0x00009b06                UsageFault_Handler
                0x00009b06                SecureFault_Handler
                0x00009b06                Default_Handler
                0x00009b06                MemManage_Handler
                0x00009b06                SVC_Handler
                0x00009b06                BusFault_Handler
                0x00009b06                DebugMon_Handler
 *fill*         0x00009b16        0x2 ff
 .text.SystemInit
                0x00009b18       0xf0 ./ra/fsp/src/bsp/cmsis/Device/RENESAS/Source/system.o
                0x00009b18                SystemInit
 .text.__NVIC_SetPriority
                0x00009c08       0x54 ./libraries/HAL_Drivers/drv_common.o
 .text.__NVIC_SystemReset
                0x00009c5c       0x2c ./libraries/HAL_Drivers/drv_common.o
 .text.SysTick_Config
                0x00009c88       0x44 ./libraries/HAL_Drivers/drv_common.o
 .text.reboot   0x00009ccc       0x10 ./libraries/HAL_Drivers/drv_common.o
 .text.rt_hw_systick_init
                0x00009cdc       0x2c ./libraries/HAL_Drivers/drv_common.o
                0x00009cdc                rt_hw_systick_init
 .text.SysTick_Handler
                0x00009d08       0x14 ./libraries/HAL_Drivers/drv_common.o
                0x00009d08                SysTick_Handler
 .text.rt_hw_board_init
                0x00009d1c       0x34 ./libraries/HAL_Drivers/drv_common.o
                0x00009d1c                rt_hw_board_init
 .text.R_BSP_WarmStart
                0x00009d50       0x2c ./libraries/HAL_Drivers/drv_common.o
                0x00009d50                R_BSP_WarmStart
 .text.R_BSP_PinRead
                0x00009d7c       0x38 ./libraries/HAL_Drivers/drv_gpio.o
 .text.R_BSP_PinWrite
                0x00009db4       0x68 ./libraries/HAL_Drivers/drv_gpio.o
 .text.R_BSP_PinAccessEnable
                0x00009e1c       0x60 ./libraries/HAL_Drivers/drv_gpio.o
 .text.R_BSP_PinAccessDisable
                0x00009e7c       0x68 ./libraries/HAL_Drivers/drv_gpio.o
 .text.ra_pin_get_irqx
                0x00009ee4      0x280 ./libraries/HAL_Drivers/drv_gpio.o
 .text.ra_irq_tab_init
                0x0000a164       0x7c ./libraries/HAL_Drivers/drv_gpio.o
 .text.ra_pin_map_init
                0x0000a1e0       0x28 ./libraries/HAL_Drivers/drv_gpio.o
 .text.ra_pin_mode
                0x0000a208       0xf8 ./libraries/HAL_Drivers/drv_gpio.o
 .text.ra_pin_write
                0x0000a300       0x3a ./libraries/HAL_Drivers/drv_gpio.o
 *fill*         0x0000a33a        0x2 ff
 .text.ra_pin_read
                0x0000a33c       0x50 ./libraries/HAL_Drivers/drv_gpio.o
 .text.ra_pin_irq_enable
                0x0000a38c      0x120 ./libraries/HAL_Drivers/drv_gpio.o
 .text.ra_pin_attach_irq
                0x0000a4ac      0x12c ./libraries/HAL_Drivers/drv_gpio.o
 .text.ra_pin_dettach_irq
                0x0000a5d8       0xb4 ./libraries/HAL_Drivers/drv_gpio.o
 .text.ra_pin_get
                0x0000a68c       0xce ./libraries/HAL_Drivers/drv_gpio.o
 *fill*         0x0000a75a        0x2 ff
 .text.rt_hw_pin_init
                0x0000a75c       0x24 ./libraries/HAL_Drivers/drv_gpio.o
                0x0000a75c                rt_hw_pin_init
 .text.irq0_callback
                0x0000a780       0x34 ./libraries/HAL_Drivers/drv_gpio.o
                0x0000a780                irq0_callback
 .text.ra_uart_get_config
                0x0000a7b4       0x7c ./libraries/HAL_Drivers/drv_usart_v2.o
 .text.ra_uart_configure
                0x0000a830       0x7c ./libraries/HAL_Drivers/drv_usart_v2.o
 .text.ra_uart_control
                0x0000a8ac       0x1a ./libraries/HAL_Drivers/drv_usart_v2.o
 *fill*         0x0000a8c6        0x2 ff
 .text.ra_uart_putc
                0x0000a8c8       0x68 ./libraries/HAL_Drivers/drv_usart_v2.o
 .text.ra_uart_getc
                0x0000a930       0x16 ./libraries/HAL_Drivers/drv_usart_v2.o
 *fill*         0x0000a946        0x2 ff
 .text.user_uart0_callback
                0x0000a948       0x74 ./libraries/HAL_Drivers/drv_usart_v2.o
                0x0000a948                user_uart0_callback
 .text.user_uart7_callback
                0x0000a9bc       0x78 ./libraries/HAL_Drivers/drv_usart_v2.o
                0x0000a9bc                user_uart7_callback
 .text.rt_hw_usart_init
                0x0000aa34       0xb8 ./libraries/HAL_Drivers/drv_usart_v2.o
                0x0000aa34                rt_hw_usart_init
 .text.memcmp   0x0000aaec       0x60 d:/rt-threadstudio/repo/extract/toolchain_support_packages/arm/gnu_tools_for_arm_embedded_processors/10.2.1/bin/../lib/gcc/arm-none-eabi/10.2.1/../../../../arm-none-eabi/lib/thumb/v8-m.main+fp/hard\libc.a(lib_a-memcmp.o)
                0x0000aaec                memcmp
 .text          0x0000ab4c       0xec d:/rt-threadstudio/repo/extract/toolchain_support_packages/arm/gnu_tools_for_arm_embedded_processors/10.2.1/bin/../lib/gcc/arm-none-eabi/10.2.1/../../../../arm-none-eabi/lib/thumb/v8-m.main+fp/hard\libc.a(lib_a-memcpy.o)
                0x0000ab4c                memcpy
 .text.memset   0x0000ac38       0xa4 d:/rt-threadstudio/repo/extract/toolchain_support_packages/arm/gnu_tools_for_arm_embedded_processors/10.2.1/bin/../lib/gcc/arm-none-eabi/10.2.1/../../../../arm-none-eabi/lib/thumb/v8-m.main+fp/hard\libc.a(lib_a-memset.o)
                0x0000ac38                memset
 .text.sprintf  0x0000acdc       0x44 d:/rt-threadstudio/repo/extract/toolchain_support_packages/arm/gnu_tools_for_arm_embedded_processors/10.2.1/bin/../lib/gcc/arm-none-eabi/10.2.1/../../../../arm-none-eabi/lib/thumb/v8-m.main+fp/hard\libc.a(lib_a-sprintf.o)
                0x0000acdc                sprintf
 .text.strlen   0x0000ad20       0x5c d:/rt-threadstudio/repo/extract/toolchain_support_packages/arm/gnu_tools_for_arm_embedded_processors/10.2.1/bin/../lib/gcc/arm-none-eabi/10.2.1/../../../../arm-none-eabi/lib/thumb/v8-m.main+fp/hard\libc.a(lib_a-strlen-stub.o)
                0x0000ad20                strlen
 .text.strncmp  0x0000ad7c       0x78 d:/rt-threadstudio/repo/extract/toolchain_support_packages/arm/gnu_tools_for_arm_embedded_processors/10.2.1/bin/../lib/gcc/arm-none-eabi/10.2.1/../../../../arm-none-eabi/lib/thumb/v8-m.main+fp/hard\libc.a(lib_a-strncmp.o)
                0x0000ad7c                strncmp
 .text.strncpy  0x0000adf4       0x64 d:/rt-threadstudio/repo/extract/toolchain_support_packages/arm/gnu_tools_for_arm_embedded_processors/10.2.1/bin/../lib/gcc/arm-none-eabi/10.2.1/../../../../arm-none-eabi/lib/thumb/v8-m.main+fp/hard\libc.a(lib_a-strncpy.o)
                0x0000adf4                strncpy
 .text._svfprintf_r
                0x0000ae58     0x1a8c d:/rt-threadstudio/repo/extract/toolchain_support_packages/arm/gnu_tools_for_arm_embedded_processors/10.2.1/bin/../lib/gcc/arm-none-eabi/10.2.1/../../../../arm-none-eabi/lib/thumb/v8-m.main+fp/hard\libc.a(lib_a-svfprintf.o)
                0x0000ae58                _svfprintf_r
 .text.startup.register_fini
                0x0000c8e4       0x14 d:/rt-threadstudio/repo/extract/toolchain_support_packages/arm/gnu_tools_for_arm_embedded_processors/10.2.1/bin/../lib/gcc/arm-none-eabi/10.2.1/../../../../arm-none-eabi/lib/thumb/v8-m.main+fp/hard\libc.a(lib_a-__call_atexit.o)
 .text.atexit   0x0000c8f8        0xc d:/rt-threadstudio/repo/extract/toolchain_support_packages/arm/gnu_tools_for_arm_embedded_processors/10.2.1/bin/../lib/gcc/arm-none-eabi/10.2.1/../../../../arm-none-eabi/lib/thumb/v8-m.main+fp/hard\libc.a(lib_a-atexit.o)
                0x0000c8f8                atexit
 .text.quorem   0x0000c904      0x134 d:/rt-threadstudio/repo/extract/toolchain_support_packages/arm/gnu_tools_for_arm_embedded_processors/10.2.1/bin/../lib/gcc/arm-none-eabi/10.2.1/../../../../arm-none-eabi/lib/thumb/v8-m.main+fp/hard\libc.a(lib_a-dtoa.o)
 .text._dtoa_r  0x0000ca38      0xf54 d:/rt-threadstudio/repo/extract/toolchain_support_packages/arm/gnu_tools_for_arm_embedded_processors/10.2.1/bin/../lib/gcc/arm-none-eabi/10.2.1/../../../../arm-none-eabi/lib/thumb/v8-m.main+fp/hard\libc.a(lib_a-dtoa.o)
                0x0000ca38                _dtoa_r
 .text.__libc_fini_array
                0x0000d98c       0x2c d:/rt-threadstudio/repo/extract/toolchain_support_packages/arm/gnu_tools_for_arm_embedded_processors/10.2.1/bin/../lib/gcc/arm-none-eabi/10.2.1/../../../../arm-none-eabi/lib/thumb/v8-m.main+fp/hard\libc.a(lib_a-fini.o)
                0x0000d98c                __libc_fini_array
 .text._localeconv_r
                0x0000d9b8        0x8 d:/rt-threadstudio/repo/extract/toolchain_support_packages/arm/gnu_tools_for_arm_embedded_processors/10.2.1/bin/../lib/gcc/arm-none-eabi/10.2.1/../../../../arm-none-eabi/lib/thumb/v8-m.main+fp/hard\libc.a(lib_a-localeconv.o)
                0x0000d9b8                _localeconv_r
 .text.__retarget_lock_acquire_recursive
                0x0000d9c0        0x4 d:/rt-threadstudio/repo/extract/toolchain_support_packages/arm/gnu_tools_for_arm_embedded_processors/10.2.1/bin/../lib/gcc/arm-none-eabi/10.2.1/../../../../arm-none-eabi/lib/thumb/v8-m.main+fp/hard\libc.a(lib_a-lock.o)
                0x0000d9c0                __retarget_lock_acquire_recursive
 .text.__retarget_lock_release_recursive
                0x0000d9c4        0x4 d:/rt-threadstudio/repo/extract/toolchain_support_packages/arm/gnu_tools_for_arm_embedded_processors/10.2.1/bin/../lib/gcc/arm-none-eabi/10.2.1/../../../../arm-none-eabi/lib/thumb/v8-m.main+fp/hard\libc.a(lib_a-lock.o)
                0x0000d9c4                __retarget_lock_release_recursive
 .text.memchr   0x0000d9c8       0x80 d:/rt-threadstudio/repo/extract/toolchain_support_packages/arm/gnu_tools_for_arm_embedded_processors/10.2.1/bin/../lib/gcc/arm-none-eabi/10.2.1/../../../../arm-none-eabi/lib/thumb/v8-m.main+fp/hard\libc.a(lib_a-memchr-stub.o)
                0x0000d9c8                memchr
 .text._Balloc  0x0000da48       0x4c d:/rt-threadstudio/repo/extract/toolchain_support_packages/arm/gnu_tools_for_arm_embedded_processors/10.2.1/bin/../lib/gcc/arm-none-eabi/10.2.1/../../../../arm-none-eabi/lib/thumb/v8-m.main+fp/hard\libc.a(lib_a-mprec.o)
                0x0000da48                _Balloc
 .text._Bfree   0x0000da94       0x14 d:/rt-threadstudio/repo/extract/toolchain_support_packages/arm/gnu_tools_for_arm_embedded_processors/10.2.1/bin/../lib/gcc/arm-none-eabi/10.2.1/../../../../arm-none-eabi/lib/thumb/v8-m.main+fp/hard\libc.a(lib_a-mprec.o)
                0x0000da94                _Bfree
 .text.__multadd
                0x0000daa8       0xa8 d:/rt-threadstudio/repo/extract/toolchain_support_packages/arm/gnu_tools_for_arm_embedded_processors/10.2.1/bin/../lib/gcc/arm-none-eabi/10.2.1/../../../../arm-none-eabi/lib/thumb/v8-m.main+fp/hard\libc.a(lib_a-mprec.o)
                0x0000daa8                __multadd
 .text.__hi0bits
                0x0000db50       0x44 d:/rt-threadstudio/repo/extract/toolchain_support_packages/arm/gnu_tools_for_arm_embedded_processors/10.2.1/bin/../lib/gcc/arm-none-eabi/10.2.1/../../../../arm-none-eabi/lib/thumb/v8-m.main+fp/hard\libc.a(lib_a-mprec.o)
                0x0000db50                __hi0bits
 .text.__lo0bits
                0x0000db94       0x60 d:/rt-threadstudio/repo/extract/toolchain_support_packages/arm/gnu_tools_for_arm_embedded_processors/10.2.1/bin/../lib/gcc/arm-none-eabi/10.2.1/../../../../arm-none-eabi/lib/thumb/v8-m.main+fp/hard\libc.a(lib_a-mprec.o)
                0x0000db94                __lo0bits
 .text.__i2b    0x0000dbf4       0x5c d:/rt-threadstudio/repo/extract/toolchain_support_packages/arm/gnu_tools_for_arm_embedded_processors/10.2.1/bin/../lib/gcc/arm-none-eabi/10.2.1/../../../../arm-none-eabi/lib/thumb/v8-m.main+fp/hard\libc.a(lib_a-mprec.o)
                0x0000dbf4                __i2b
 .text.__multiply
                0x0000dc50      0x15c d:/rt-threadstudio/repo/extract/toolchain_support_packages/arm/gnu_tools_for_arm_embedded_processors/10.2.1/bin/../lib/gcc/arm-none-eabi/10.2.1/../../../../arm-none-eabi/lib/thumb/v8-m.main+fp/hard\libc.a(lib_a-mprec.o)
                0x0000dc50                __multiply
 .text.__pow5mult
                0x0000ddac       0xc0 d:/rt-threadstudio/repo/extract/toolchain_support_packages/arm/gnu_tools_for_arm_embedded_processors/10.2.1/bin/../lib/gcc/arm-none-eabi/10.2.1/../../../../arm-none-eabi/lib/thumb/v8-m.main+fp/hard\libc.a(lib_a-mprec.o)
                0x0000ddac                __pow5mult
 .text.__lshift
                0x0000de6c       0xe8 d:/rt-threadstudio/repo/extract/toolchain_support_packages/arm/gnu_tools_for_arm_embedded_processors/10.2.1/bin/../lib/gcc/arm-none-eabi/10.2.1/../../../../arm-none-eabi/lib/thumb/v8-m.main+fp/hard\libc.a(lib_a-mprec.o)
                0x0000de6c                __lshift
 .text.__mcmp   0x0000df54       0x44 d:/rt-threadstudio/repo/extract/toolchain_support_packages/arm/gnu_tools_for_arm_embedded_processors/10.2.1/bin/../lib/gcc/arm-none-eabi/10.2.1/../../../../arm-none-eabi/lib/thumb/v8-m.main+fp/hard\libc.a(lib_a-mprec.o)
                0x0000df54                __mcmp
 .text.__mdiff  0x0000df98      0x148 d:/rt-threadstudio/repo/extract/toolchain_support_packages/arm/gnu_tools_for_arm_embedded_processors/10.2.1/bin/../lib/gcc/arm-none-eabi/10.2.1/../../../../arm-none-eabi/lib/thumb/v8-m.main+fp/hard\libc.a(lib_a-mprec.o)
                0x0000df98                __mdiff
 .text.__d2b    0x0000e0e0       0xd0 d:/rt-threadstudio/repo/extract/toolchain_support_packages/arm/gnu_tools_for_arm_embedded_processors/10.2.1/bin/../lib/gcc/arm-none-eabi/10.2.1/../../../../arm-none-eabi/lib/thumb/v8-m.main+fp/hard\libc.a(lib_a-mprec.o)
                0x0000e0e0                __d2b
 .text.frexp    0x0000e1b0       0x70 d:/rt-threadstudio/repo/extract/toolchain_support_packages/arm/gnu_tools_for_arm_embedded_processors/10.2.1/bin/../lib/gcc/arm-none-eabi/10.2.1/../../../../arm-none-eabi/lib/thumb/v8-m.main+fp/hard\libc.a(lib_a-s_frexp.o)
                0x0000e1b0                frexp
 .text.__ssprint_r
                0x0000e220      0x100 d:/rt-threadstudio/repo/extract/toolchain_support_packages/arm/gnu_tools_for_arm_embedded_processors/10.2.1/bin/../lib/gcc/arm-none-eabi/10.2.1/../../../../arm-none-eabi/lib/thumb/v8-m.main+fp/hard\libc.a(lib_a-svfiprintf.o)
                0x0000e220                __ssprint_r
 .text.__register_exitproc
                0x0000e320       0x90 d:/rt-threadstudio/repo/extract/toolchain_support_packages/arm/gnu_tools_for_arm_embedded_processors/10.2.1/bin/../lib/gcc/arm-none-eabi/10.2.1/../../../../arm-none-eabi/lib/thumb/v8-m.main+fp/hard\libc.a(lib_a-__atexit.o)
                0x0000e320                __register_exitproc
 .text.__ascii_mbtowc
                0x0000e3b0       0x2c d:/rt-threadstudio/repo/extract/toolchain_support_packages/arm/gnu_tools_for_arm_embedded_processors/10.2.1/bin/../lib/gcc/arm-none-eabi/10.2.1/../../../../arm-none-eabi/lib/thumb/v8-m.main+fp/hard\libc.a(lib_a-mbtowc_r.o)
                0x0000e3b0                __ascii_mbtowc
 .text.memmove  0x0000e3dc       0xf8 d:/rt-threadstudio/repo/extract/toolchain_support_packages/arm/gnu_tools_for_arm_embedded_processors/10.2.1/bin/../lib/gcc/arm-none-eabi/10.2.1/../../../../arm-none-eabi/lib/thumb/v8-m.main+fp/hard\libc.a(lib_a-memmove.o)
                0x0000e3dc                memmove
 .text.__ascii_wctomb
                0x0000e4d4       0x1c d:/rt-threadstudio/repo/extract/toolchain_support_packages/arm/gnu_tools_for_arm_embedded_processors/10.2.1/bin/../lib/gcc/arm-none-eabi/10.2.1/../../../../arm-none-eabi/lib/thumb/v8-m.main+fp/hard\libc.a(lib_a-wctomb_r.o)
                0x0000e4d4                __ascii_wctomb
 .text          0x0000e4f0      0x378 d:/rt-threadstudio/repo/extract/toolchain_support_packages/arm/gnu_tools_for_arm_embedded_processors/10.2.1/bin/../lib/gcc/arm-none-eabi/10.2.1/thumb/v8-m.main+fp/hard\libgcc.a(_arm_addsubdf3.o)
                0x0000e4f0                __aeabi_drsub
                0x0000e4f8                __aeabi_dsub
                0x0000e4f8                __subdf3
                0x0000e4fc                __aeabi_dadd
                0x0000e4fc                __adddf3
                0x0000e774                __floatunsidf
                0x0000e774                __aeabi_ui2d
                0x0000e794                __floatsidf
                0x0000e794                __aeabi_i2d
                0x0000e7b8                __aeabi_f2d
                0x0000e7b8                __extendsfdf2
                0x0000e7fc                __floatundidf
                0x0000e7fc                __aeabi_ul2d
                0x0000e80c                __floatdidf
                0x0000e80c                __aeabi_l2d
 .text          0x0000e868      0x424 d:/rt-threadstudio/repo/extract/toolchain_support_packages/arm/gnu_tools_for_arm_embedded_processors/10.2.1/bin/../lib/gcc/arm-none-eabi/10.2.1/thumb/v8-m.main+fp/hard\libgcc.a(_arm_muldivdf3.o)
                0x0000e868                __aeabi_dmul
                0x0000e868                __muldf3
                0x0000eabc                __divdf3
                0x0000eabc                __aeabi_ddiv
 .text          0x0000ec8c      0x110 d:/rt-threadstudio/repo/extract/toolchain_support_packages/arm/gnu_tools_for_arm_embedded_processors/10.2.1/bin/../lib/gcc/arm-none-eabi/10.2.1/thumb/v8-m.main+fp/hard\libgcc.a(_arm_cmpdf2.o)
                0x0000ec8c                __gtdf2
                0x0000ec8c                __gedf2
                0x0000ec94                __ltdf2
                0x0000ec94                __ledf2
                0x0000ec9c                __nedf2
                0x0000ec9c                __eqdf2
                0x0000ec9c                __cmpdf2
                0x0000ed18                __aeabi_cdrcmple
                0x0000ed28                __aeabi_cdcmpeq
                0x0000ed28                __aeabi_cdcmple
                0x0000ed38                __aeabi_dcmpeq
                0x0000ed4c                __aeabi_dcmplt
                0x0000ed60                __aeabi_dcmple
                0x0000ed74                __aeabi_dcmpge
                0x0000ed88                __aeabi_dcmpgt
 .text          0x0000ed9c       0x2c d:/rt-threadstudio/repo/extract/toolchain_support_packages/arm/gnu_tools_for_arm_embedded_processors/10.2.1/bin/../lib/gcc/arm-none-eabi/10.2.1/thumb/v8-m.main+fp/hard\libgcc.a(_arm_unorddf2.o)
                0x0000ed9c                __unorddf2
                0x0000ed9c                __aeabi_dcmpun
 .text          0x0000edc8       0x50 d:/rt-threadstudio/repo/extract/toolchain_support_packages/arm/gnu_tools_for_arm_embedded_processors/10.2.1/bin/../lib/gcc/arm-none-eabi/10.2.1/thumb/v8-m.main+fp/hard\libgcc.a(_arm_fixdfsi.o)
                0x0000edc8                __aeabi_d2iz
                0x0000edc8                __fixdfsi
 .text          0x0000ee18       0x30 d:/rt-threadstudio/repo/extract/toolchain_support_packages/arm/gnu_tools_for_arm_embedded_processors/10.2.1/bin/../lib/gcc/arm-none-eabi/10.2.1/thumb/v8-m.main+fp/hard\libgcc.a(_aeabi_uldivmod.o)
                0x0000ee18                __aeabi_uldivmod
 .text          0x0000ee48      0x2ec d:/rt-threadstudio/repo/extract/toolchain_support_packages/arm/gnu_tools_for_arm_embedded_processors/10.2.1/bin/../lib/gcc/arm-none-eabi/10.2.1/thumb/v8-m.main+fp/hard\libgcc.a(_udivmoddi4.o)
                0x0000ee48                __udivmoddi4
 .text          0x0000f134        0x4 d:/rt-threadstudio/repo/extract/toolchain_support_packages/arm/gnu_tools_for_arm_embedded_processors/10.2.1/bin/../lib/gcc/arm-none-eabi/10.2.1/thumb/v8-m.main+fp/hard\libgcc.a(_dvmd_tls.o)
                0x0000f134                __aeabi_idiv0
                0x0000f134                __aeabi_ldiv0
 *(.version)
 .version       0x0000f138       0x50 ./ra/fsp/src/bsp/mcu/all/bsp_common.o
 *(.init)
 .init          0x0000f188        0x4 d:/rt-threadstudio/repo/extract/toolchain_support_packages/arm/gnu_tools_for_arm_embedded_processors/10.2.1/bin/../lib/gcc/arm-none-eabi/10.2.1/thumb/v8-m.main+fp/hard/crti.o
                0x0000f188                _init
 .init          0x0000f18c        0x8 d:/rt-threadstudio/repo/extract/toolchain_support_packages/arm/gnu_tools_for_arm_embedded_processors/10.2.1/bin/../lib/gcc/arm-none-eabi/10.2.1/thumb/v8-m.main+fp/hard/crtn.o
 *(.fini)
 .fini          0x0000f194        0x4 d:/rt-threadstudio/repo/extract/toolchain_support_packages/arm/gnu_tools_for_arm_embedded_processors/10.2.1/bin/../lib/gcc/arm-none-eabi/10.2.1/thumb/v8-m.main+fp/hard/crti.o
                0x0000f194                _fini
 .fini          0x0000f198        0x8 d:/rt-threadstudio/repo/extract/toolchain_support_packages/arm/gnu_tools_for_arm_embedded_processors/10.2.1/bin/../lib/gcc/arm-none-eabi/10.2.1/thumb/v8-m.main+fp/hard/crtn.o
                0x0000f1a0                . = ALIGN (0x4)
                0x0000f1a0                __fsymtab_start = .
 *(FSymTab)
 FSymTab        0x0000f1a0        0xc ./src/hal_entry.o
                0x0000f1a0                __fsym_uart_sample
 FSymTab        0x0000f1ac       0x78 ./rt-thread/components/finsh/cmd.o
                0x0000f1ac                __fsym_clear
                0x0000f1b8                __fsym_version
                0x0000f1c4                __fsym_list_thread
                0x0000f1d0                __fsym_list_sem
                0x0000f1dc                __fsym_list_event
                0x0000f1e8                __fsym_list_mutex
                0x0000f1f4                __fsym_list_mailbox
                0x0000f200                __fsym_list_msgqueue
                0x0000f20c                __fsym_list_timer
                0x0000f218                __fsym_list_device
 FSymTab        0x0000f224       0x24 ./rt-thread/components/finsh/msh.o
                0x0000f224                __fsym_help
                0x0000f230                __fsym_ps
                0x0000f23c                __fsym_free
 FSymTab        0x0000f248        0xc ./libraries/HAL_Drivers/drv_common.o
                0x0000f248                __fsym_reboot
                0x0000f254                __fsymtab_end = .
                0x0000f254                . = ALIGN (0x4)
                0x0000f254                __vsymtab_start = .
 *(VSymTab)
                0x0000f254                __vsymtab_end = .
                0x0000f254                . = ALIGN (0x4)
                0x0000f254                __rt_init_start = .
 *(SORT_BY_NAME(.rti_fn*))
 .rti_fn.0      0x0000f254        0x4 ./rt-thread/src/components.o
                0x0000f254                __rt_init_rti_start
 .rti_fn.0.end  0x0000f258        0x4 ./rt-thread/src/components.o
                0x0000f258                __rt_init_rti_board_start
 .rti_fn.1.end  0x0000f25c        0x4 ./rt-thread/src/components.o
                0x0000f25c                __rt_init_rti_board_end
 .rti_fn.6      0x0000f260        0x4 ./rt-thread/components/finsh/shell.o
                0x0000f260                __rt_init_finsh_system_init
 .rti_fn.6.end  0x0000f264        0x4 ./rt-thread/src/components.o
                0x0000f264                __rt_init_rti_end
                0x0000f268                __rt_init_end = .
                0x0000f268                . = ALIGN (0x4)
 *(FalPartTable)
 *crtbegin.o(.ctors)
 *crtbegin?.o(.ctors)
 *(EXCLUDE_FILE(*crtend.o *crtend?.o) .ctors)
 *(SORT_BY_NAME(.ctors.*))
 *(.ctors)
 *crtbegin.o(.dtors)
 *crtbegin?.o(.dtors)
 *(EXCLUDE_FILE(*crtend.o *crtend?.o) .dtors)
 *(SORT_BY_NAME(.dtors.*))
 *(.dtors)
 *(.rodata*)
 .rodata        0x0000f268       0xe3 ./src/hal_entry.o
 *fill*         0x0000f34b        0x1 ff
 .rodata.name   0x0000f34c       0x1f ./src/hal_entry.o
                0x0000f34c                __fsym_uart_sample_name
                0x0000f358                __fsym_uart_sample_desc
 *fill*         0x0000f36b        0x1 ff
 .rodata        0x0000f36c       0x17 ./rt-thread/src/components.o
 *fill*         0x0000f383        0x1 ff
 .rodata.__FUNCTION__.0
                0x0000f384       0x14 ./rt-thread/src/components.o
 .rodata        0x0000f398       0xbc ./rt-thread/src/device.o
 .rodata.__FUNCTION__.6
                0x0000f454        0xf ./rt-thread/src/device.o
 *fill*         0x0000f463        0x1 ff
 .rodata.__FUNCTION__.5
                0x0000f464       0x10 ./rt-thread/src/device.o
 .rodata.__FUNCTION__.4
                0x0000f474        0xf ./rt-thread/src/device.o
 *fill*         0x0000f483        0x1 ff
 .rodata.__FUNCTION__.3
                0x0000f484       0x10 ./rt-thread/src/device.o
 .rodata.__FUNCTION__.1
                0x0000f494       0x1a ./rt-thread/src/device.o
 *fill*         0x0000f4ae        0x2 ff
 .rodata        0x0000f4b0        0x8 ./rt-thread/src/idle.o
 .rodata        0x0000f4b8      0x4de ./rt-thread/src/ipc.o
 *fill*         0x0000f996        0x2 ff
 .rodata.__FUNCTION__.37
                0x0000f998        0xc ./rt-thread/src/ipc.o
 .rodata.__FUNCTION__.33
                0x0000f9a4        0xc ./rt-thread/src/ipc.o
 .rodata.__FUNCTION__.32
                0x0000f9b0       0x12 ./rt-thread/src/ipc.o
 *fill*         0x0000f9c2        0x2 ff
 .rodata.__FUNCTION__.31
                0x0000f9c4        0xf ./rt-thread/src/ipc.o
 *fill*         0x0000f9d3        0x1 ff
 .rodata.__FUNCTION__.29
                0x0000f9d4        0xe ./rt-thread/src/ipc.o
 *fill*         0x0000f9e2        0x2 ff
 .rodata.__FUNCTION__.25
                0x0000f9e4        0xe ./rt-thread/src/ipc.o
 *fill*         0x0000f9f2        0x2 ff
 .rodata.__FUNCTION__.24
                0x0000f9f4       0x11 ./rt-thread/src/ipc.o
 *fill*         0x0000fa05        0x3 ff
 .rodata        0x0000fa08      0x107 ./rt-thread/src/kservice.o
 *fill*         0x0000fb0f        0x1 ff
 .rodata.large_digits.4
                0x0000fb10       0x11 ./rt-thread/src/kservice.o
 *fill*         0x0000fb21        0x3 ff
 .rodata.small_digits.3
                0x0000fb24       0x11 ./rt-thread/src/kservice.o
 *fill*         0x0000fb35        0x3 ff
 .rodata.__FUNCTION__.1
                0x0000fb38       0x14 ./rt-thread/src/kservice.o
 .rodata.__FUNCTION__.0
                0x0000fb4c        0xd ./rt-thread/src/kservice.o
 *fill*         0x0000fb59        0x3 ff
 .rodata        0x0000fb5c      0x41b ./rt-thread/src/mem.o
 *fill*         0x0000ff77        0x1 ff
 .rodata.__FUNCTION__.4
                0x0000ff78        0xb ./rt-thread/src/mem.o
 *fill*         0x0000ff83        0x1 ff
 .rodata.__FUNCTION__.2
                0x0000ff84        0xe ./rt-thread/src/mem.o
 *fill*         0x0000ff92        0x2 ff
 .rodata.__FUNCTION__.1
                0x0000ff94       0x10 ./rt-thread/src/mem.o
 .rodata.__FUNCTION__.0
                0x0000ffa4        0xd ./rt-thread/src/mem.o
 *fill*         0x0000ffb1        0x3 ff
 .rodata        0x0000ffb4       0x91 ./rt-thread/src/object.o
 *fill*         0x00010045        0x3 ff
 .rodata.__FUNCTION__.6
                0x00010048        0xf ./rt-thread/src/object.o
 *fill*         0x00010057        0x1 ff
 .rodata.__FUNCTION__.5
                0x00010058       0x11 ./rt-thread/src/object.o
 *fill*         0x00010069        0x3 ff
 .rodata.__FUNCTION__.4
                0x0001006c       0x13 ./rt-thread/src/object.o
 *fill*         0x0001007f        0x1 ff
 .rodata.__FUNCTION__.3
                0x00010080       0x11 ./rt-thread/src/object.o
 *fill*         0x00010091        0x3 ff
 .rodata.__FUNCTION__.2
                0x00010094       0x1a ./rt-thread/src/object.o
 *fill*         0x000100ae        0x2 ff
 .rodata.__FUNCTION__.1
                0x000100b0       0x13 ./rt-thread/src/object.o
 *fill*         0x000100c3        0x1 ff
 .rodata.__FUNCTION__.0
                0x000100c4        0xf ./rt-thread/src/object.o
 *fill*         0x000100d3        0x1 ff
 .rodata        0x000100d4       0x65 ./rt-thread/src/scheduler.o
 *fill*         0x00010139        0x3 ff
 .rodata.__FUNCTION__.2
                0x0001013c       0x1a ./rt-thread/src/scheduler.o
 *fill*         0x00010156        0x2 ff
 .rodata.__FUNCTION__.1
                0x00010158       0x1a ./rt-thread/src/scheduler.o
 *fill*         0x00010172        0x2 ff
 .rodata.__FUNCTION__.0
                0x00010174       0x1a ./rt-thread/src/scheduler.o
 *fill*         0x0001018e        0x2 ff
 .rodata        0x00010190      0x19f ./rt-thread/src/thread.o
 *fill*         0x0001032f        0x1 ff
 .rodata.__FUNCTION__.10
                0x00010330       0x10 ./rt-thread/src/thread.o
 .rodata.__FUNCTION__.9
                0x00010340        0xd ./rt-thread/src/thread.o
 *fill*         0x0001034d        0x3 ff
 .rodata.__FUNCTION__.8
                0x00010350        0xf ./rt-thread/src/thread.o
 *fill*         0x0001035f        0x1 ff
 .rodata.__FUNCTION__.7
                0x00010360       0x12 ./rt-thread/src/thread.o
 *fill*         0x00010372        0x2 ff
 .rodata.__FUNCTION__.6
                0x00010374       0x11 ./rt-thread/src/thread.o
 *fill*         0x00010385        0x3 ff
 .rodata.__FUNCTION__.5
                0x00010388       0x11 ./rt-thread/src/thread.o
 *fill*         0x00010399        0x3 ff
 .rodata.__FUNCTION__.4
                0x0001039c       0x10 ./rt-thread/src/thread.o
 .rodata.__FUNCTION__.2
                0x000103ac       0x12 ./rt-thread/src/thread.o
 *fill*         0x000103be        0x2 ff
 .rodata.__FUNCTION__.1
                0x000103c0       0x12 ./rt-thread/src/thread.o
 *fill*         0x000103d2        0x2 ff
 .rodata.__FUNCTION__.0
                0x000103d4       0x11 ./rt-thread/src/thread.o
 *fill*         0x000103e5        0x3 ff
 .rodata        0x000103e8      0x10e ./rt-thread/src/timer.o
 *fill*         0x000104f6        0x2 ff
 .rodata.__FUNCTION__.7
                0x000104f8        0xe ./rt-thread/src/timer.o
 *fill*         0x00010506        0x2 ff
 .rodata.__FUNCTION__.6
                0x00010508       0x10 ./rt-thread/src/timer.o
 .rodata.__FUNCTION__.3
                0x00010518        0xf ./rt-thread/src/timer.o
 *fill*         0x00010527        0x1 ff
 .rodata.__FUNCTION__.1
                0x00010528        0xe ./rt-thread/src/timer.o
 *fill*         0x00010536        0x2 ff
 .rodata.__FUNCTION__.0
                0x00010538       0x11 ./rt-thread/src/timer.o
 *fill*         0x00010549        0x3 ff
 .rodata        0x0001054c      0x2ce ./rt-thread/libcpu/arm/cortex-m4/cpuport.o
 *fill*         0x0001081a        0x2 ff
 .rodata        0x0001081c      0x5d3 ./rt-thread/components/finsh/cmd.o
 *fill*         0x00010def        0x1 ff
 .rodata.name   0x00010df0      0x176 ./rt-thread/components/finsh/cmd.o
                0x00010df0                __fsym_clear_name
                0x00010df8                __fsym_clear_desc
                0x00010e14                __fsym_version_name
                0x00010e1c                __fsym_version_desc
                0x00010e40                __fsym_list_thread_name
                0x00010e4c                __fsym_list_thread_desc
                0x00010e58                __fsym_list_sem_name
                0x00010e64                __fsym_list_sem_desc
                0x00010e80                __fsym_list_event_name
                0x00010e8c                __fsym_list_event_desc
                0x00010ea4                __fsym_list_mutex_name
                0x00010eb0                __fsym_list_mutex_desc
                0x00010ec8                __fsym_list_mailbox_name
                0x00010ed8                __fsym_list_mailbox_desc
                0x00010ef0                __fsym_list_msgqueue_name
                0x00010f00                __fsym_list_msgqueue_desc
                0x00010f20                __fsym_list_timer_name
                0x00010f2c                __fsym_list_timer_desc
                0x00010f44                __fsym_list_device_name
                0x00010f50                __fsym_list_device_desc
 *fill*         0x00010f66        0x2 ff
 .rodata.device_type_str
                0x00010f68       0x64 ./rt-thread/components/finsh/cmd.o
 .rodata        0x00010fcc       0xa8 ./rt-thread/components/finsh/msh.o
 .rodata.name   0x00011074       0x6d ./rt-thread/components/finsh/msh.o
                0x00011074                __fsym_help_name
                0x0001107c                __fsym_help_desc
                0x00011094                __fsym_ps_name
                0x00011098                __fsym_ps_desc
                0x000110b4                __fsym_free_name
                0x000110bc                __fsym_free_desc
 *fill*         0x000110e1        0x3 ff
 .rodata.__FUNCTION__.0
                0x000110e4        0xe ./rt-thread/components/finsh/msh.o
 *fill*         0x000110f2        0x2 ff
 .rodata        0x000110f4       0x91 ./rt-thread/components/finsh/shell.o
 *fill*         0x00011185        0x3 ff
 .rodata.__FUNCTION__.6
                0x00011188       0x16 ./rt-thread/components/finsh/shell.o
 *fill*         0x0001119e        0x2 ff
 .rodata.__FUNCTION__.5
                0x000111a0        0xe ./rt-thread/components/finsh/shell.o
 *fill*         0x000111ae        0x2 ff
 .rodata.__FUNCTION__.4
                0x000111b0        0xd ./rt-thread/components/finsh/shell.o
 *fill*         0x000111bd        0x3 ff
 .rodata.__FUNCTION__.3
                0x000111c0       0x11 ./rt-thread/components/finsh/shell.o
 *fill*         0x000111d1        0x3 ff
 .rodata        0x000111d4      0x18b ./rt-thread/components/drivers/serial/serial_v2.o
 *fill*         0x0001135f        0x1 ff
 .rodata.__FUNCTION__.18
                0x00011360       0x1c ./rt-thread/components/drivers/serial/serial_v2.o
 .rodata.__FUNCTION__.17
                0x0001137c       0x1c ./rt-thread/components/drivers/serial/serial_v2.o
 .rodata.__FUNCTION__.16
                0x00011398       0x1d ./rt-thread/components/drivers/serial/serial_v2.o
 *fill*         0x000113b5        0x3 ff
 .rodata.__FUNCTION__.15
                0x000113b8       0x10 ./rt-thread/components/drivers/serial/serial_v2.o
 .rodata.__FUNCTION__.14
                0x000113c8       0x10 ./rt-thread/components/drivers/serial/serial_v2.o
 .rodata.__FUNCTION__.13
                0x000113d8       0x10 ./rt-thread/components/drivers/serial/serial_v2.o
 .rodata.__FUNCTION__.12
                0x000113e8       0x1e ./rt-thread/components/drivers/serial/serial_v2.o
 *fill*         0x00011406        0x2 ff
 .rodata.__FUNCTION__.11
                0x00011408       0x1d ./rt-thread/components/drivers/serial/serial_v2.o
 *fill*         0x00011425        0x3 ff
 .rodata.__FUNCTION__.10
                0x00011428       0x1c ./rt-thread/components/drivers/serial/serial_v2.o
 .rodata.__FUNCTION__.9
                0x00011444       0x14 ./rt-thread/components/drivers/serial/serial_v2.o
 .rodata.__FUNCTION__.8
                0x00011458       0x14 ./rt-thread/components/drivers/serial/serial_v2.o
 .rodata.__FUNCTION__.7
                0x0001146c       0x15 ./rt-thread/components/drivers/serial/serial_v2.o
 *fill*         0x00011481        0x3 ff
 .rodata.__FUNCTION__.6
                0x00011484       0x15 ./rt-thread/components/drivers/serial/serial_v2.o
 *fill*         0x00011499        0x3 ff
 .rodata.__FUNCTION__.5
                0x0001149c        0xf ./rt-thread/components/drivers/serial/serial_v2.o
 *fill*         0x000114ab        0x1 ff
 .rodata.__FUNCTION__.4
                0x000114ac        0xf ./rt-thread/components/drivers/serial/serial_v2.o
 *fill*         0x000114bb        0x1 ff
 .rodata.__FUNCTION__.3
                0x000114bc       0x10 ./rt-thread/components/drivers/serial/serial_v2.o
 .rodata.__FUNCTION__.2
                0x000114cc       0x12 ./rt-thread/components/drivers/serial/serial_v2.o
 *fill*         0x000114de        0x2 ff
 .rodata.__FUNCTION__.1
                0x000114e0       0x16 ./rt-thread/components/drivers/serial/serial_v2.o
 *fill*         0x000114f6        0x2 ff
 .rodata.__FUNCTION__.0
                0x000114f8       0x11 ./rt-thread/components/drivers/serial/serial_v2.o
 *fill*         0x00011509        0x3 ff
 .rodata        0x0001150c       0x37 ./rt-thread/components/drivers/misc/pin.o
 *fill*         0x00011543        0x1 ff
 .rodata.__FUNCTION__.9
                0x00011544        0xa ./rt-thread/components/drivers/misc/pin.o
 *fill*         0x0001154e        0x2 ff
 .rodata.__FUNCTION__.8
                0x00011550        0xb ./rt-thread/components/drivers/misc/pin.o
 *fill*         0x0001155b        0x1 ff
 .rodata.__FUNCTION__.7
                0x0001155c        0xd ./rt-thread/components/drivers/misc/pin.o
 *fill*         0x00011569        0x3 ff
 .rodata.__FUNCTION__.2
                0x0001156c        0xd ./rt-thread/components/drivers/misc/pin.o
 *fill*         0x00011579        0x3 ff
 .rodata.__FUNCTION__.1
                0x0001157c        0xc ./rt-thread/components/drivers/misc/pin.o
 .rodata        0x00011588       0xd7 ./rt-thread/components/drivers/ipc/completion.o
 *fill*         0x0001165f        0x1 ff
 .rodata.__FUNCTION__.2
                0x00011660       0x13 ./rt-thread/components/drivers/ipc/completion.o
 *fill*         0x00011673        0x1 ff
 .rodata.__FUNCTION__.1
                0x00011674       0x13 ./rt-thread/components/drivers/ipc/completion.o
 *fill*         0x00011687        0x1 ff
 .rodata.__FUNCTION__.0
                0x00011688       0x13 ./rt-thread/components/drivers/ipc/completion.o
 *fill*         0x0001169b        0x1 ff
 .rodata        0x0001169c       0x19 ./rt-thread/components/drivers/ipc/ringbuffer.o
 *fill*         0x000116b5        0x3 ff
 .rodata.__FUNCTION__.10
                0x000116b8       0x13 ./rt-thread/components/drivers/ipc/ringbuffer.o
 *fill*         0x000116cb        0x1 ff
 .rodata.__FUNCTION__.9
                0x000116cc       0x12 ./rt-thread/components/drivers/ipc/ringbuffer.o
 *fill*         0x000116de        0x2 ff
 .rodata.__FUNCTION__.7
                0x000116e0       0x12 ./rt-thread/components/drivers/ipc/ringbuffer.o
 *fill*         0x000116f2        0x2 ff
 .rodata.__FUNCTION__.5
                0x000116f4       0x16 ./rt-thread/components/drivers/ipc/ringbuffer.o
 *fill*         0x0001170a        0x2 ff
 .rodata.g_ioport
                0x0001170c        0xc ./ra_gen/common_data.o
                0x0001170c                g_ioport
 .rodata.g_uart0_cfg_extend
                0x00011718       0x10 ./ra_gen/hal_data.o
                0x00011718                g_uart0_cfg_extend
 .rodata.g_uart0_cfg
                0x00011728       0x20 ./ra_gen/hal_data.o
                0x00011728                g_uart0_cfg
 .rodata.g_external_irq0_cfg
                0x00011748       0x14 ./ra_gen/hal_data.o
                0x00011748                g_external_irq0_cfg
 .rodata.g_uart7_cfg_extend
                0x0001175c       0x10 ./ra_gen/hal_data.o
                0x0001175c                g_uart7_cfg_extend
 .rodata.g_uart7_cfg
                0x0001176c       0x20 ./ra_gen/hal_data.o
                0x0001176c                g_uart7_cfg
 .rodata.g_bsp_pin_cfg_data
                0x0001178c      0x150 ./ra_gen/pin_data.o
                0x0001178c                g_bsp_pin_cfg_data
 .rodata.g_bsp_pin_cfg
                0x000118dc        0x8 ./ra_gen/pin_data.o
                0x000118dc                g_bsp_pin_cfg
 .rodata.g_interrupt_event_link_select
                0x000118e4       0xc0 ./ra_gen/vector_data.o
                0x000118e4                g_interrupt_event_link_select
 .rodata.g_ioport_on_ioport
                0x000119a4       0x38 ./ra/fsp/src/r_ioport/r_ioport.o
                0x000119a4                g_ioport_on_ioport
 .rodata.g_vbatt_pins_input
                0x000119dc        0x6 ./ra/fsp/src/r_ioport/r_ioport.o
 *fill*         0x000119e2        0x2 ff
 .rodata.g_prcr_masks
                0x000119e4        0x8 ./ra/fsp/src/bsp/mcu/all/bsp_register_protection.o
 .rodata.name   0x000119ec       0x16 ./libraries/HAL_Drivers/drv_common.o
                0x000119ec                __fsym_reboot_name
                0x000119f4                __fsym_reboot_desc
 *fill*         0x00011a02        0x2 ff
 .rodata        0x00011a04        0x6 ./libraries/HAL_Drivers/drv_common.o
 *fill*         0x00011a0a        0x2 ff
 .rodata        0x00011a0c      0x170 ./libraries/HAL_Drivers/drv_gpio.o
 .rodata._ra_pin_ops
                0x00011b7c       0x1c ./libraries/HAL_Drivers/drv_gpio.o
 .rodata        0x00011b98       0x75 ./libraries/HAL_Drivers/drv_usart_v2.o
 *fill*         0x00011c0d        0x3 ff
 .rodata.ra_uart_ops
                0x00011c10       0x14 ./libraries/HAL_Drivers/drv_usart_v2.o
 .rodata.__FUNCTION__.4
                0x00011c24       0x12 ./libraries/HAL_Drivers/drv_usart_v2.o
 *fill*         0x00011c36        0x2 ff
 .rodata.__FUNCTION__.3
                0x00011c38        0xd ./libraries/HAL_Drivers/drv_usart_v2.o
 *fill*         0x00011c45        0x3 ff
 .rodata.__FUNCTION__.2
                0x00011c48       0x14 ./libraries/HAL_Drivers/drv_usart_v2.o
 .rodata.__FUNCTION__.1
                0x00011c5c       0x14 ./libraries/HAL_Drivers/drv_usart_v2.o
 .rodata.__FUNCTION__.0
                0x00011c70       0x11 ./libraries/HAL_Drivers/drv_usart_v2.o
 *fill*         0x00011c81        0x3 ff
 .rodata._global_impure_ptr
                0x00011c84        0x4 d:/rt-threadstudio/repo/extract/toolchain_support_packages/arm/gnu_tools_for_arm_embedded_processors/10.2.1/bin/../lib/gcc/arm-none-eabi/10.2.1/../../../../arm-none-eabi/lib/thumb/v8-m.main+fp/hard\libc.a(lib_a-impure.o)
                0x00011c84                _global_impure_ptr
 .rodata._svfprintf_r.str1.4
                0x00011c88       0x42 d:/rt-threadstudio/repo/extract/toolchain_support_packages/arm/gnu_tools_for_arm_embedded_processors/10.2.1/bin/../lib/gcc/arm-none-eabi/10.2.1/../../../../arm-none-eabi/lib/thumb/v8-m.main+fp/hard\libc.a(lib_a-svfprintf.o)
 *fill*         0x00011cca        0x2 ff
 .rodata.blanks.1
                0x00011ccc       0x10 d:/rt-threadstudio/repo/extract/toolchain_support_packages/arm/gnu_tools_for_arm_embedded_processors/10.2.1/bin/../lib/gcc/arm-none-eabi/10.2.1/../../../../arm-none-eabi/lib/thumb/v8-m.main+fp/hard\libc.a(lib_a-svfprintf.o)
 .rodata.zeroes.0
                0x00011cdc       0x10 d:/rt-threadstudio/repo/extract/toolchain_support_packages/arm/gnu_tools_for_arm_embedded_processors/10.2.1/bin/../lib/gcc/arm-none-eabi/10.2.1/../../../../arm-none-eabi/lib/thumb/v8-m.main+fp/hard\libc.a(lib_a-svfprintf.o)
 .rodata._dtoa_r.str1.4
                0x00011cec       0xa1 d:/rt-threadstudio/repo/extract/toolchain_support_packages/arm/gnu_tools_for_arm_embedded_processors/10.2.1/bin/../lib/gcc/arm-none-eabi/10.2.1/../../../../arm-none-eabi/lib/thumb/v8-m.main+fp/hard\libc.a(lib_a-dtoa.o)
                                 0xa5 (size before relaxing)
 *fill*         0x00011d8d        0x3 ff
 .rodata.__multadd.str1.4
                0x00011d90       0x7e d:/rt-threadstudio/repo/extract/toolchain_support_packages/arm/gnu_tools_for_arm_embedded_processors/10.2.1/bin/../lib/gcc/arm-none-eabi/10.2.1/../../../../arm-none-eabi/lib/thumb/v8-m.main+fp/hard\libc.a(lib_a-mprec.o)
                                 0x92 (size before relaxing)
 *fill*         0x00011e0e        0x2 ff
 .rodata.__mprec_bigtens
                0x00011e10       0x28 d:/rt-threadstudio/repo/extract/toolchain_support_packages/arm/gnu_tools_for_arm_embedded_processors/10.2.1/bin/../lib/gcc/arm-none-eabi/10.2.1/../../../../arm-none-eabi/lib/thumb/v8-m.main+fp/hard\libc.a(lib_a-mprec.o)
                0x00011e10                __mprec_bigtens
 .rodata.__mprec_tens